閫傜敤浜?.NET Framework MSBuild 鐗堟湰 17.14.40+3e7442088

  DirectX-Headers.vcxproj -> F:\repos\PrismaEngine\build\editor-windows-x64-debug\lib\Debug\DirectX-Headers.lib
  姝ｅ湪鎵弿婧愪互鏌ユ壘妯″潡渚濊禆椤?..
  imgui.vcxproj -> F:\repos\PrismaEngine\build\editor-windows-x64-debug\lib\Debug\imgui.lib
  姝ｅ湪鎵弿婧愪互鏌ユ壘妯″潡渚濊禆椤?..
  姝ｅ湪缂栬瘧...
  JobSystem.cpp
  PhysicsSystem.cpp
  Camera.cpp
  Common.cpp
  Scene.cpp
  UIInputManager.cpp
  CameraController.cpp
  CommandLineParser.cpp
  Engine.cpp
  ResourceManagerNew.cpp
  Object.cpp
  pch.cpp
  LogScope.cpp
  ThreadManager.cpp
  ScriptSystem.cpp
  GameObject.cpp
  Serializable.cpp
  AsyncLoader.cpp
  AssetManager.cpp
  WorkerThread.cpp
  ScriptComponent.cpp
  SceneManager.cpp
  ECS.cpp
  ButtonComponent.cpp
  Platform.cpp
  TriangleExample.cpp
  Logger.cpp
  CanvasComponent.cpp
  UIComponent.cpp
  Transform.cpp
  SoundSynthesizer.cpp
  MonoRuntime.cpp
F:\repos\PrismaEngine\src\engine\ISubSystem.h(11,31): warning C4100: 'deltaTime': 鏈紩鐢ㄧ殑鍙傛暟 [F:\repos\PrismaEngine\build\editor-windows-x64-debug\src\engine\Engine.vcxproj]
F:\repos\PrismaEngine\src\engine\ISubSystem.h(11,31): warning C4100: 'deltaTime': 鏈紩鐢ㄧ殑鍙傛暟 [F:\repos\PrismaEngine\build\editor-windows-x64-debug\src\engine\Engine.vcxproj]
F:\repos\PrismaEngine\src\engine\ISubSystem.h(11,31): warning C4100: 'deltaTime': 鏈紩鐢ㄧ殑鍙傛暟 [F:\repos\PrismaEngine\build\editor-windows-x64-debug\src\engine\Engine.vcxproj]
  (缂栬瘧婧愭枃浠垛€?./../../../src/engine/JobSystem.cpp鈥?
  
  (缂栬瘧婧愭枃浠垛€?./../../../src/engine/SceneManager.cpp鈥?
  
F:\repos\PrismaEngine\src\engine\ISubSystem.h(11,31): warning C4100: 'deltaTime': 鏈紩鐢ㄧ殑鍙傛暟 [F:\repos\PrismaEngine\build\editor-windows-x64-debug\src\engine\Engine.vcxproj]
  (缂栬瘧婧愭枃浠垛€?./../../../src/engine/Engine.cpp鈥?
  
  (缂栬瘧婧愭枃浠垛€?./../../../src/engine/ResourceManagerNew.cpp鈥?
  
F:\repos\PrismaEngine\src\engine\ISubSystem.h(11,31): warning C4100: 'deltaTime': 鏈紩鐢ㄧ殑鍙傛暟 [F:\repos\PrismaEngine\build\editor-windows-x64-debug\src\engine\Engine.vcxproj]
F:\repos\PrismaEngine\src\engine\ISubSystem.h(11,31): warning C4100: 'deltaTime': 鏈紩鐢ㄧ殑鍙傛暟 [F:\repos\PrismaEngine\build\editor-windows-x64-debug\src\engine\Engine.vcxproj]
  (缂栬瘧婧愭枃浠垛€?./../../../src/engine/ThreadManager.cpp鈥?
  
  (缂栬瘧婧愭枃浠垛€?./../../../src/engine/PhysicsSystem.cpp鈥?
  
F:\repos\PrismaEngine\src\engine\SoundSynthesizer.h(183,22): warning C4100: 'channel': 鏈紩鐢ㄧ殑鍙傛暟 [F:\repos\PrismaEngine\build\editor-windows-x64-debug\src\engine\Engine.vcxproj]
  (缂栬瘧婧愭枃浠垛€?./../../../src/engine/SoundSynthesizer.cpp鈥?
  
F:\repos\PrismaEngine\src\engine\JobSystem.cpp(10,45): warning C4100: 'threadPoolIndex': 鏈紩鐢ㄧ殑鍙傛暟 [F:\repos\PrismaEngine\build\editor-windows-x64-debug\src\engine\Engine.vcxproj]
F:\repos\PrismaEngine\src\engine\JobSystem.cpp(10,31): warning C4100: 'job': 鏈紩鐢ㄧ殑鍙傛暟 [F:\repos\PrismaEngine\build\editor-windows-x64-debug\src\engine\Engine.vcxproj]
F:\repos\PrismaEngine\src\engine\ThreadManager.h(17,23): warning C4100: 'deltaTime': 鏈紩鐢ㄧ殑鍙傛暟 [F:\repos\PrismaEngine\build\editor-windows-x64-debug\src\engine\Engine.vcxproj]
  (缂栬瘧婧愭枃浠垛€?./../../../src/engine/ThreadManager.cpp鈥?
  
F:\repos\PrismaEngine\src\engine\Component.h(15,31): warning C4100: 'deltaTime': 鏈紩鐢ㄧ殑鍙傛暟 [F:\repos\PrismaEngine\build\editor-windows-x64-debug\src\engine\Engine.vcxproj]
  (缂栬瘧婧愭枃浠垛€?./../../../src/engine/Scene.cpp鈥?
  
F:\repos\PrismaEngine\src\engine\scripting\MonoRuntime.h(74,40): warning C4100: 'domainName': 鏈紩鐢ㄧ殑鍙傛暟 [F:\repos\PrismaEngine\build\editor-windows-x64-debug\src\engine\Engine.vcxproj]
  (缂栬瘧婧愭枃浠垛€?./../../../src/engine/scripting/MonoRuntime.cpp鈥?
  
F:\repos\PrismaEngine\src\engine\scripting\MonoRuntime.h(89,34): warning C4100: 'assemblyPath': 鏈紩鐢ㄧ殑鍙傛暟 [F:\repos\PrismaEngine\build\editor-windows-x64-debug\src\engine\Engine.vcxproj]
  (缂栬瘧婧愭枃浠垛€?./../../../src/engine/scripting/MonoRuntime.cpp鈥?
  
F:\repos\PrismaEngine\src\engine\scripting\MonoRuntime.h(91,53): warning C4100: 'className': 鏈紩鐢ㄧ殑鍙傛暟 [F:\repos\PrismaEngine\build\editor-windows-x64-debug\src\engine\Engine.vcxproj]
  (缂栬瘧婧愭枃浠垛€?./../../../src/engine/scripting/MonoRuntime.cpp鈥?
  
F:\repos\PrismaEngine\src\engine\Component.h(15,31): warning C4100: 'deltaTime': 鏈紩鐢ㄧ殑鍙傛暟 [F:\repos\PrismaEngine\build\editor-windows-x64-debug\src\engine\Engine.vcxproj]
  (缂栬瘧婧愭枃浠垛€?./../../../src/engine/TriangleExample.cpp鈥?
  
F:\repos\PrismaEngine\src\engine\Component.h(15,31): warning C4100: 'deltaTime': 鏈紩鐢ㄧ殑鍙傛暟 [F:\repos\PrismaEngine\build\editor-windows-x64-debug\src\engine\Engine.vcxproj]
  (缂栬瘧婧愭枃浠垛€?./../../../src/engine/GameObject.cpp鈥?
  
F:\repos\PrismaEngine\src\engine\Component.h(15,31): warning C4100: 'deltaTime': 鏈紩鐢ㄧ殑鍙傛暟 [F:\repos\PrismaEngine\build\editor-windows-x64-debug\src\engine\Engine.vcxproj]
  (缂栬瘧婧愭枃浠垛€?./../../../src/engine/ui/2d/CanvasComponent.cpp鈥?
  
F:\repos\PrismaEngine\src\engine\Component.h(15,31): warning C4100: 'deltaTime': 鏈紩鐢ㄧ殑鍙傛暟 [F:\repos\PrismaEngine\build\editor-windows-x64-debug\src\engine\Engine.vcxproj]
  (缂栬瘧婧愭枃浠垛€?./../../../src/engine/CameraController.cpp鈥?
  
F:\repos\PrismaEngine\src\engine\Component.h(15,31): warning C4100: 'deltaTime': 鏈紩鐢ㄧ殑鍙傛暟 [F:\repos\PrismaEngine\build\editor-windows-x64-debug\src\engine\Engine.vcxproj]
  (缂栬瘧婧愭枃浠垛€?./../../../src/engine/ui/UIInputManager.cpp鈥?
  
F:\repos\PrismaEngine\src\engine\Component.h(15,31): warning C4100: 'deltaTime': 鏈紩鐢ㄧ殑鍙傛暟 [F:\repos\PrismaEngine\build\editor-windows-x64-debug\src\engine\Engine.vcxproj]
  (缂栬瘧婧愭枃浠垛€?./../../../src/engine/Transform.cpp鈥?
  
F:\repos\PrismaEngine\src\engine\Component.h(15,31): warning C4100: 'deltaTime': 鏈紩鐢ㄧ殑鍙傛暟 [F:\repos\PrismaEngine\build\editor-windows-x64-debug\src\engine\Engine.vcxproj]
  (缂栬瘧婧愭枃浠垛€?./../../../src/engine/ui/2d/ButtonComponent.cpp鈥?
  
F:\repos\PrismaEngine\src\engine\Component.h(15,31): warning C4100: 'deltaTime': 鏈紩鐢ㄧ殑鍙傛暟 [F:\repos\PrismaEngine\build\editor-windows-x64-debug\src\engine\Engine.vcxproj]
F:\repos\PrismaEngine\src\engine\core\AsyncLoader.h(564,37): warning C4458: 鈥渧ertexCount鈥濈殑澹版槑闅愯棌浜嗙被鎴愬憳 [F:\repos\PrismaEngine\build\editor-windows-x64-debug\src\engine\Engine.vcxproj]
  (缂栬瘧婧愭枃浠垛€?./../../../src/engine/ui/UIComponent.cpp鈥?
  
  (缂栬瘧婧愭枃浠垛€?./../../../src/engine/core/AsyncLoader.cpp鈥?
      F:\repos\PrismaEngine\src\engine\core\AsyncLoader.h(550,26):
      鍙傝鈥淧rismaEngine::Core::ChunkMeshBuildSystem::MeshData::vertexCount鈥濈殑澹版槑
  
F:\repos\PrismaEngine\src\engine\core\AsyncLoader.h(564,57): warning C4458: 鈥渋ndexCount鈥濈殑澹版槑闅愯棌浜嗙被鎴愬憳 [F:\repos\PrismaEngine\build\editor-windows-x64-debug\src\engine\Engine.vcxproj]
  (缂栬瘧婧愭枃浠垛€?./../../../src/engine/core/AsyncLoader.cpp鈥?
      F:\repos\PrismaEngine\src\engine\core\AsyncLoader.h(551,26):
      鍙傝鈥淧rismaEngine::Core::ChunkMeshBuildSystem::MeshData::indexCount鈥濈殑澹版槑
  
F:\repos\PrismaEngine\src\engine\Component.h(15,31): warning C4100: 'deltaTime': 鏈紩鐢ㄧ殑鍙傛暟 [F:\repos\PrismaEngine\build\editor-windows-x64-debug\src\engine\Engine.vcxproj]
  (缂栬瘧婧愭枃浠垛€?./../../../src/engine/Camera.cpp鈥?
  
F:\repos\PrismaEngine\src\engine\Component.h(15,31): warning C4100: 'deltaTime': 鏈紩鐢ㄧ殑鍙傛暟 [F:\repos\PrismaEngine\build\editor-windows-x64-debug\src\engine\Engine.vcxproj]
  (缂栬瘧婧愭枃浠垛€?./../../../src/engine/SceneManager.cpp鈥?
  
F:\repos\PrismaEngine\src\engine\ui\UIComponent.cpp(5,32): warning C4100: 'deltaTime': 鏈紩鐢ㄧ殑鍙傛暟 [F:\repos\PrismaEngine\build\editor-windows-x64-debug\src\engine\Engine.vcxproj]
F:\repos\PrismaEngine\src\engine\Component.h(15,31): warning C4100: 'deltaTime': 鏈紩鐢ㄧ殑鍙傛暟 [F:\repos\PrismaEngine\build\editor-windows-x64-debug\src\engine\Engine.vcxproj]
  (缂栬瘧婧愭枃浠垛€?./../../../src/engine/ScriptComponent.cpp鈥?
  
F:\repos\PrismaEngine\src\engine\scripting\MonoRuntime.h(74,40): warning C4100: 'domainName': 鏈紩鐢ㄧ殑鍙傛暟 [F:\repos\PrismaEngine\build\editor-windows-x64-debug\src\engine\Engine.vcxproj]
  (缂栬瘧婧愭枃浠垛€?./../../../src/engine/scripting/ScriptSystem.cpp鈥?
  
F:\repos\PrismaEngine\src\engine\scripting\MonoRuntime.h(89,34): warning C4100: 'assemblyPath': 鏈紩鐢ㄧ殑鍙傛暟 [F:\repos\PrismaEngine\build\editor-windows-x64-debug\src\engine\Engine.vcxproj]
  (缂栬瘧婧愭枃浠垛€?./../../../src/engine/scripting/ScriptSystem.cpp鈥?
  
F:\repos\PrismaEngine\src\engine\scripting\MonoRuntime.h(91,53): warning C4100: 'className': 鏈紩鐢ㄧ殑鍙傛暟 [F:\repos\PrismaEngine\build\editor-windows-x64-debug\src\engine\Engine.vcxproj]
  (缂栬瘧婧愭枃浠垛€?./../../../src/engine/scripting/ScriptSystem.cpp鈥?
  
F:\repos\PrismaEngine\src\engine\ThreadManager.cpp(66,68): warning C4100: 'coreMask': 鏈紩鐢ㄧ殑鍙傛暟 [F:\repos\PrismaEngine\build\editor-windows-x64-debug\src\engine\Engine.vcxproj]
F:\repos\PrismaEngine\src\engine\ThreadManager.cpp(66,55): warning C4100: 'id': 鏈紩鐢ㄧ殑鍙傛暟 [F:\repos\PrismaEngine\build\editor-windows-x64-debug\src\engine\Engine.vcxproj]
F:\repos\PrismaEngine\src\engine\ThreadManager.cpp(71,63): warning C4100: 'priority': 鏈紩鐢ㄧ殑鍙傛暟 [F:\repos\PrismaEngine\build\editor-windows-x64-debug\src\engine\Engine.vcxproj]
F:\repos\PrismaEngine\src\engine\ThreadManager.cpp(71,55): warning C4100: 'id': 鏈紩鐢ㄧ殑鍙傛暟 [F:\repos\PrismaEngine\build\editor-windows-x64-debug\src\engine\Engine.vcxproj]
F:\repos\PrismaEngine\src\engine\scripting\ScriptSystem.cpp(99,16): warning C4189: 鈥渋ndex鈥? 灞€閮ㄥ彉閲忓凡鍒濆鍖栦絾涓嶅紩鐢?[F:\repos\PrismaEngine\build\editor-windows-x64-debug\src\engine\Engine.vcxproj]
F:\repos\PrismaEngine\src\engine\scripting\ScriptSystem.cpp(115,56): warning C4100: 'script': 鏈紩鐢ㄧ殑鍙傛暟 [F:\repos\PrismaEngine\build\editor-windows-x64-debug\src\engine\Engine.vcxproj]
F:\repos\PrismaEngine\src\engine\scripting\ScriptSystem.cpp(119,56): warning C4100: 'script': 鏈紩鐢ㄧ殑鍙傛暟 [F:\repos\PrismaEngine\build\editor-windows-x64-debug\src\engine\Engine.vcxproj]
F:\repos\PrismaEngine\src\engine\scripting\ScriptSystem.cpp(123,71): warning C4100: 'deltaTime': 鏈紩鐢ㄧ殑鍙傛暟 [F:\repos\PrismaEngine\build\editor-windows-x64-debug\src\engine\Engine.vcxproj]
F:\repos\PrismaEngine\src\engine\scripting\ScriptSystem.cpp(123,57): warning C4100: 'script': 鏈紩鐢ㄧ殑鍙傛暟 [F:\repos\PrismaEngine\build\editor-windows-x64-debug\src\engine\Engine.vcxproj]
F:\repos\PrismaEngine\src\engine\core\AssetBase.h(28,37): warning C4458: 鈥渘ame鈥濈殑澹版槑闅愯棌浜嗙被鎴愬憳 [F:\repos\PrismaEngine\build\editor-windows-x64-debug\src\engine\Engine.vcxproj]
  (缂栬瘧婧愭枃浠垛€?./../../../src/engine/Engine.cpp鈥?
      F:\repos\PrismaEngine\src\engine\core\AssetBase.h(17,17):
      鍙傝鈥淧rismaEngine::AssetBase::name鈥濈殑澹版槑
  
F:\repos\PrismaEngine\src\engine\PhysicsSystem.cpp(24,34): warning C4100: 'deltaTime': 鏈紩鐢ㄧ殑鍙傛暟 [F:\repos\PrismaEngine\build\editor-windows-x64-debug\src\engine\Engine.vcxproj]
F:\repos\PrismaEngine\src\engine\ISubSystem.h(11,31): warning C4100: 'deltaTime': 鏈紩鐢ㄧ殑鍙傛暟 [F:\repos\PrismaEngine\build\editor-windows-x64-debug\src\engine\Engine.vcxproj]
  (缂栬瘧婧愭枃浠垛€?./../../../src/engine/core/AssetManager.cpp鈥?
  
F:\repos\PrismaEngine\src\engine\core\AssetBase.h(28,37): warning C4458: 鈥渘ame鈥濈殑澹版槑闅愯棌浜嗙被鎴愬憳 [F:\repos\PrismaEngine\build\editor-windows-x64-debug\src\engine\Engine.vcxproj]
  (缂栬瘧婧愭枃浠垛€?./../../../src/engine/core/AssetManager.cpp鈥?
      F:\repos\PrismaEngine\src\engine\core\AssetBase.h(17,17):
      鍙傝鈥淧rismaEngine::AssetBase::name鈥濈殑澹版槑
  
F:\repos\PrismaEngine\src\engine\scripting\MonoRuntime.cpp(14,49): warning C4100: 'configPath': 鏈紩鐢ㄧ殑鍙傛暟 [F:\repos\PrismaEngine\build\editor-windows-x64-debug\src\engine\Engine.vcxproj]
F:\repos\PrismaEngine\src\engine\scripting\MonoRuntime.cpp(34,84): warning C4100: 'path': 鏈紩鐢ㄧ殑鍙傛暟 [F:\repos\PrismaEngine\build\editor-windows-x64-debug\src\engine\Engine.vcxproj]
F:\repos\PrismaEngine\src\engine\scripting\MonoRuntime.cpp(49,95): warning C4100: 'className': 鏈紩鐢ㄧ殑鍙傛暟 [F:\repos\PrismaEngine\build\editor-windows-x64-debug\src\engine\Engine.vcxproj]
F:\repos\PrismaEngine\src\engine\scripting\MonoRuntime.cpp(49,62): warning C4100: 'assemblyName': 鏈紩鐢ㄧ殑鍙傛暟 [F:\repos\PrismaEngine\build\editor-windows-x64-debug\src\engine\Engine.vcxproj]
F:\repos\PrismaEngine\src\engine\scripting\MonoRuntime.cpp(53,60): warning C4100: 'str': 鏈紩鐢ㄧ殑鍙傛暟 [F:\repos\PrismaEngine\build\editor-windows-x64-debug\src\engine\Engine.vcxproj]
F:\repos\PrismaEngine\src\engine\scripting\MonoRuntime.cpp(57,54): warning C4100: 'obj': 鏈紩鐢ㄧ殑鍙傛暟 [F:\repos\PrismaEngine\build\editor-windows-x64-debug\src\engine\Engine.vcxproj]
F:\repos\PrismaEngine\src\engine\scripting\MonoRuntime.cpp(61,42): warning C4100: 'value': 鏈紩鐢ㄧ殑鍙傛暟 [F:\repos\PrismaEngine\build\editor-windows-x64-debug\src\engine\Engine.vcxproj]
F:\repos\PrismaEngine\src\engine\scripting\MonoRuntime.cpp(65,43): warning C4100: 'obj': 鏈紩鐢ㄧ殑鍙傛暟 [F:\repos\PrismaEngine\build\editor-windows-x64-debug\src\engine\Engine.vcxproj]
F:\repos\PrismaEngine\src\engine\scripting\MonoRuntime.cpp(69,46): warning C4100: 'value': 鏈紩鐢ㄧ殑鍙傛暟 [F:\repos\PrismaEngine\build\editor-windows-x64-debug\src\engine\Engine.vcxproj]
F:\repos\PrismaEngine\src\engine\scripting\MonoRuntime.cpp(73,47): warning C4100: 'obj': 鏈紩鐢ㄧ殑鍙傛暟 [F:\repos\PrismaEngine\build\editor-windows-x64-debug\src\engine\Engine.vcxproj]
F:\repos\PrismaEngine\src\engine\scripting\MonoRuntime.cpp(77,44): warning C4100: 'value': 鏈紩鐢ㄧ殑鍙傛暟 [F:\repos\PrismaEngine\build\editor-windows-x64-debug\src\engine\Engine.vcxproj]
F:\repos\PrismaEngine\src\engine\scripting\MonoRuntime.cpp(81,45): warning C4100: 'obj': 鏈紩鐢ㄧ殑鍙傛暟 [F:\repos\PrismaEngine\build\editor-windows-x64-debug\src\engine\Engine.vcxproj]
F:\repos\PrismaEngine\src\engine\scripting\MonoRuntime.cpp(85,44): warning C4100: 'length': 鏈紩鐢ㄧ殑鍙傛暟 [F:\repos\PrismaEngine\build\editor-windows-x64-debug\src\engine\Engine.vcxproj]
F:\repos\PrismaEngine\src\engine\scripting\MonoRuntime.cpp(89,48): warning C4100: 'array': 鏈紩鐢ㄧ殑鍙傛暟 [F:\repos\PrismaEngine\build\editor-windows-x64-debug\src\engine\Engine.vcxproj]
F:\repos\PrismaEngine\src\engine\scripting\MonoRuntime.cpp(93,70): warning C4100: 'index': 鏈紩鐢ㄧ殑鍙傛暟 [F:\repos\PrismaEngine\build\editor-windows-x64-debug\src\engine\Engine.vcxproj]
F:\repos\PrismaEngine\src\engine\scripting\MonoRuntime.cpp(93,59): warning C4100: 'array': 鏈紩鐢ㄧ殑鍙傛暟 [F:\repos\PrismaEngine\build\editor-windows-x64-debug\src\engine\Engine.vcxproj]
F:\repos\PrismaEngine\src\engine\scripting\MonoRuntime.cpp(97,83): warning C4100: 'value': 鏈紩鐢ㄧ殑鍙傛暟 [F:\repos\PrismaEngine\build\editor-windows-x64-debug\src\engine\Engine.vcxproj]
F:\repos\PrismaEngine\src\engine\scripting\MonoRuntime.cpp(97,61): warning C4100: 'index': 鏈紩鐢ㄧ殑鍙傛暟 [F:\repos\PrismaEngine\build\editor-windows-x64-debug\src\engine\Engine.vcxproj]
F:\repos\PrismaEngine\src\engine\scripting\MonoRuntime.cpp(97,50): warning C4100: 'array': 鏈紩鐢ㄧ殑鍙傛暟 [F:\repos\PrismaEngine\build\editor-windows-x64-debug\src\engine\Engine.vcxproj]
F:\repos\PrismaEngine\src\engine\scripting\MonoRuntime.cpp(101,58): warning C4100: 'domainName': 鏈紩鐢ㄧ殑鍙傛暟 [F:\repos\PrismaEngine\build\editor-windows-x64-debug\src\engine\Engine.vcxproj]
F:\repos\PrismaEngine\src\engine\scripting\MonoRuntime.cpp(105,44): warning C4100: 'domain': 鏈紩鐢ㄧ殑鍙傛暟 [F:\repos\PrismaEngine\build\editor-windows-x64-debug\src\engine\Engine.vcxproj]
F:\repos\PrismaEngine\src\engine\scripting\MonoRuntime.cpp(129,76): warning C4100: 'function': 鏈紩鐢ㄧ殑鍙傛暟 [F:\repos\PrismaEngine\build\editor-windows-x64-debug\src\engine\Engine.vcxproj]
F:\repos\PrismaEngine\src\engine\scripting\MonoRuntime.cpp(129,59): warning C4100: 'signature': 鏈紩鐢ㄧ殑鍙傛暟 [F:\repos\PrismaEngine\build\editor-windows-x64-debug\src\engine\Engine.vcxproj]
F:\repos\PrismaEngine\src\engine\scripting\MonoRuntime.cpp(140,60): warning C4100: 'scriptPath': 鏈紩鐢ㄧ殑鍙傛暟 [F:\repos\PrismaEngine\build\editor-windows-x64-debug\src\engine\Engine.vcxproj]
F:\repos\PrismaEngine\src\engine\Logger.cpp(22,63): warning C4458: 鈥減latformLogger鈥濈殑澹版槑闅愯棌浜嗙被鎴愬憳 [F:\repos\PrismaEngine\build\editor-windows-x64-debug\src\engine\Engine.vcxproj]
      F:\repos\PrismaEngine\src\engine\Logger.h(229,36):
      鍙傝鈥淟ogger::platformLogger鈥濈殑澹版槑
  
F:\repos\PrismaEngine\src\engine\Logger.cpp(465,62): warning C4100: 'useColors': 鏈紩鐢ㄧ殑鍙傛暟 [F:\repos\PrismaEngine\build\editor-windows-x64-debug\src\engine\Engine.vcxproj]
F:\repos\PrismaEngine\src\engine\Serializable.cpp(8,59): warning C4100: 'key': 鏈紩鐢ㄧ殑鍙傛暟 [F:\repos\PrismaEngine\build\editor-windows-x64-debug\src\engine\Engine.vcxproj]
F:\repos\PrismaEngine\src\engine\Serializable.cpp(16,58): warning C4100: 'key': 鏈紩鐢ㄧ殑鍙傛暟 [F:\repos\PrismaEngine\build\editor-windows-x64-debug\src\engine\Engine.vcxproj]
F:\repos\PrismaEngine\src\engine\Camera.cpp(41,27): warning C4100: 'deltaTime': 鏈紩鐢ㄧ殑鍙傛暟 [F:\repos\PrismaEngine\build\editor-windows-x64-debug\src\engine\Engine.vcxproj]
F:\repos\PrismaEngine\src\engine\core\AssetBase.h(28,37): warning C4458: 鈥渘ame鈥濈殑澹版槑闅愯棌浜嗙被鎴愬憳 [F:\repos\PrismaEngine\build\editor-windows-x64-debug\src\engine\Engine.vcxproj]
  (缂栬瘧婧愭枃浠垛€?./../../../src/engine/Scene.cpp鈥?
      F:\repos\PrismaEngine\src\engine\core\AssetBase.h(17,17):
      鍙傝鈥淧rismaEngine::AssetBase::name鈥濈殑澹版槑
  
F:\repos\PrismaEngine\src\engine\SceneNode.h(50,72): warning C4100: 'context': 鏈紩鐢ㄧ殑鍙傛暟 [F:\repos\PrismaEngine\build\editor-windows-x64-debug\src\engine\Engine.vcxproj]
  (缂栬瘧婧愭枃浠垛€?./../../../src/engine/Scene.cpp鈥?
  
F:\repos\PrismaEngine\src\engine\core\AssetBase.h(28,37): warning C4458: 鈥渘ame鈥濈殑澹版槑闅愯棌浜嗙被鎴愬憳 [F:\repos\PrismaEngine\build\editor-windows-x64-debug\src\engine\Engine.vcxproj]
  (缂栬瘧婧愭枃浠垛€?./../../../src/engine/TriangleExample.cpp鈥?
      F:\repos\PrismaEngine\src\engine\core\AssetBase.h(17,17):
      鍙傝鈥淧rismaEngine::AssetBase::name鈥濈殑澹版槑
  
F:\repos\PrismaEngine\src\engine\SceneNode.h(50,72): warning C4100: 'context': 鏈紩鐢ㄧ殑鍙傛暟 [F:\repos\PrismaEngine\build\editor-windows-x64-debug\src\engine\Engine.vcxproj]
  (缂栬瘧婧愭枃浠垛€?./../../../src/engine/TriangleExample.cpp鈥?
  
F:\repos\PrismaEngine\src\engine\ISubSystem.h(11,31): warning C4100: 'deltaTime': 鏈紩鐢ㄧ殑鍙傛暟 [F:\repos\PrismaEngine\build\editor-windows-x64-debug\src\engine\Engine.vcxproj]
  (缂栬瘧婧愭枃浠垛€?./../../../src/engine/TriangleExample.cpp鈥?
  
F:\repos\PrismaEngine\src\engine\core\AssetBase.h(28,37): warning C4458: 鈥渘ame鈥濈殑澹版槑闅愯棌浜嗙被鎴愬憳 [F:\repos\PrismaEngine\build\editor-windows-x64-debug\src\engine\Engine.vcxproj]
  (缂栬瘧婧愭枃浠垛€?./../../../src/engine/SceneManager.cpp鈥?
      F:\repos\PrismaEngine\src\engine\core\AssetBase.h(17,17):
      鍙傝鈥淧rismaEngine::AssetBase::name鈥濈殑澹版槑
  
F:\repos\PrismaEngine\src\engine\SceneNode.h(50,72): warning C4100: 'context': 鏈紩鐢ㄧ殑鍙傛暟 [F:\repos\PrismaEngine\build\editor-windows-x64-debug\src\engine\Engine.vcxproj]
  (缂栬瘧婧愭枃浠垛€?./../../../src/engine/SceneManager.cpp鈥?
  
F:\repos\PrismaEngine\src\engine\CameraController.cpp(93,47): warning C4100: 'deltaTime': 鏈紩鐢ㄧ殑鍙傛暟 [F:\repos\PrismaEngine\build\editor-windows-x64-debug\src\engine\Engine.vcxproj]
F:\repos\PrismaEngine\src\engine\ResourceManagerNew.cpp(61,36): warning C4100: 'deltaTime': 鏈紩鐢ㄧ殑鍙傛暟 [F:\repos\PrismaEngine\build\editor-windows-x64-debug\src\engine\Engine.vcxproj]
F:\repos\PrismaEngine\src\engine\ResourceManagerNew.cpp(152,95): warning C4100: 'dataSize': 鏈紩鐢ㄧ殑鍙傛暟 [F:\repos\PrismaEngine\build\editor-windows-x64-debug\src\engine\Engine.vcxproj]
F:\repos\PrismaEngine\src\engine\ResourceManagerNew.cpp(152,80): warning C4100: 'data': 鏈紩鐢ㄧ殑鍙傛暟 [F:\repos\PrismaEngine\build\editor-windows-x64-debug\src\engine\Engine.vcxproj]
F:\repos\PrismaEngine\src\engine\ResourceManagerNew.cpp(250,75): warning C4100: 'source': 鏈紩鐢ㄧ殑鍙傛暟 [F:\repos\PrismaEngine\build\editor-windows-x64-debug\src\engine\Engine.vcxproj]
F:\repos\PrismaEngine\src\engine\ResourceManagerNew.cpp(383,50): warning C4100: 'id': 鏈紩鐢ㄧ殑鍙傛暟 [F:\repos\PrismaEngine\build\editor-windows-x64-debug\src\engine\Engine.vcxproj]
F:\repos\PrismaEngine\src\engine\ResourceManagerNew.cpp(445,57): warning C4100: 'id': 鏈紩鐢ㄧ殑鍙傛暟 [F:\repos\PrismaEngine\build\editor-windows-x64-debug\src\engine\Engine.vcxproj]
F:\repos\PrismaEngine\src\engine\ResourceManagerNew.cpp(500,53): warning C4100: 'id': 鏈紩鐢ㄧ殑鍙傛暟 [F:\repos\PrismaEngine\build\editor-windows-x64-debug\src\engine\Engine.vcxproj]
F:\repos\PrismaEngine\src\engine\ResourceManagerNew.cpp(541,94): warning C4100: 'generateMips': 鏈紩鐢ㄧ殑鍙傛暟 [F:\repos\PrismaEngine\build\editor-windows-x64-debug\src\engine\Engine.vcxproj]
F:\repos\PrismaEngine\src\engine\ResourceManagerNew.cpp(584,51): warning C4100: 'desc': 鏈紩鐢ㄧ殑鍙傛暟 [F:\repos\PrismaEngine\build\editor-windows-x64-debug\src\engine\Engine.vcxproj]
F:\repos\PrismaEngine\src\engine\ResourceManagerNew.cpp(583,60): warning C4100: 'imageData': 鏈紩鐢ㄧ殑鍙傛暟 [F:\repos\PrismaEngine\build\editor-windows-x64-debug\src\engine\Engine.vcxproj]
F:\repos\PrismaEngine\src\engine\ResourceManagerNew.cpp(582,58): warning C4100: 'filename': 鏈紩鐢ㄧ殑鍙傛暟 [F:\repos\PrismaEngine\build\editor-windows-x64-debug\src\engine\Engine.vcxproj]
F:\repos\PrismaEngine\src\engine\ResourceManagerNew.cpp(591,52): warning C4100: 'desc': 鏈紩鐢ㄧ殑鍙傛暟 [F:\repos\PrismaEngine\build\editor-windows-x64-debug\src\engine\Engine.vcxproj]
F:\repos\PrismaEngine\src\engine\ResourceManagerNew.cpp(590,61): warning C4100: 'imageData': 鏈紩鐢ㄧ殑鍙傛暟 [F:\repos\PrismaEngine\build\editor-windows-x64-debug\src\engine\Engine.vcxproj]
F:\repos\PrismaEngine\src\engine\ResourceManagerNew.cpp(599,59): warning C4100: 'reflection': 鏈紩鐢ㄧ殑鍙傛暟 [F:\repos\PrismaEngine\build\editor-windows-x64-debug\src\engine\Engine.vcxproj]
F:\repos\PrismaEngine\src\engine\ResourceManagerNew.cpp(682,59): warning C4100: 'reflection': 鏈紩鐢ㄧ殑鍙傛暟 [F:\repos\PrismaEngine\build\editor-windows-x64-debug\src\engine\Engine.vcxproj]
F:\repos\PrismaEngine\src\engine\ResourceManagerNew.cpp(681,63): warning C4100: 'bytecode': 鏈紩鐢ㄧ殑鍙傛暟 [F:\repos\PrismaEngine\build\editor-windows-x64-debug\src\engine\Engine.vcxproj]
F:\repos\PrismaEngine\src\engine\ResourceManagerNew.cpp(680,59): warning C4100: 'desc': 鏈紩鐢ㄧ殑鍙傛暟 [F:\repos\PrismaEngine\build\editor-windows-x64-debug\src\engine\Engine.vcxproj]
F:\repos\PrismaEngine\src\engine\ResourceManagerNew.cpp(373,60): warning C4100: 'id': 鏈紩鐢ㄧ殑鍙傛暟 [F:\repos\PrismaEngine\build\editor-windows-x64-debug\src\engine\Engine.vcxproj]
      F:\repos\PrismaEngine\src\engine\ResourceManagerNew.cpp(373,60):
      妯℃澘瀹炰緥鍖栦笂涓嬫枃(鏈€鏃╃殑瀹炰緥鍖栦笂涓嬫枃)涓?
          F:\repos\PrismaEngine\src\engine\ResourceManagerNew.cpp(123,25):
          鏌ョ湅瀵规鍦ㄧ紪璇戠殑鍑芥暟 妯℃澘 瀹炰緥鍖栤€渟td::shared_ptr<PrismaEngine::Graphic::ITexture> PrismaEngine::Graphic::ResourceManager::GetResource<PrismaEngine::Graphic::ITexture>(PrismaEngine::Graphic::ResourceId)鈥濈殑寮曠敤
  
F:\repos\PrismaEngine\src\engine\resource\ArchiveBinary.h(117,50): warning C4100: 'expectedField': 鏈紩鐢ㄧ殑鍙傛暟 [F:\repos\PrismaEngine\build\editor-windows-x64-debug\src\engine\Engine.vcxproj]
  (缂栬瘧婧愭枃浠垛€?./../../../src/engine/core/AssetManager.cpp鈥?
  
F:\repos\PrismaEngine\src\engine\resource\ArchiveJson.h(39,36): warning C4100: 'size': 鏈紩鐢ㄧ殑鍙傛暟 [F:\repos\PrismaEngine\build\editor-windows-x64-debug\src\engine\Engine.vcxproj]
  (缂栬瘧婧愭枃浠垛€?./../../../src/engine/core/AssetManager.cpp鈥?
  
F:\repos\PrismaEngine\src\engine\resource\ArchiveJson.h(50,37): warning C4100: 'fieldCount': 鏈紩鐢ㄧ殑鍙傛暟 [F:\repos\PrismaEngine\build\editor-windows-x64-debug\src\engine\Engine.vcxproj]
  (缂栬瘧婧愭枃浠垛€?./../../../src/engine/core/AssetManager.cpp鈥?
  
F:\repos\PrismaEngine\src\engine\resource\ArchiveJson.h(168,48): warning C4100: 'key': 鏈紩鐢ㄧ殑鍙傛暟 [F:\repos\PrismaEngine\build\editor-windows-x64-debug\src\engine\Engine.vcxproj]
  (缂栬瘧婧愭枃浠垛€?./../../../src/engine/core/AssetManager.cpp鈥?
  
F:\repos\PrismaEngine\src\engine\graphic\LogicalPass.h(29,23): warning C4100: 'deltaTime': 鏈紩鐢ㄧ殑鍙傛暟 [F:\repos\PrismaEngine\build\editor-windows-x64-debug\src\engine\Engine.vcxproj]
  (缂栬瘧婧愭枃浠垛€?./../../../src/engine/Engine.cpp鈥?
  
F:\repos\PrismaEngine\src\engine\Component.h(15,31): warning C4100: 'deltaTime': 鏈紩鐢ㄧ殑鍙傛暟 [F:\repos\PrismaEngine\build\editor-windows-x64-debug\src\engine\Engine.vcxproj]
  (缂栬瘧婧愭枃浠垛€?./../../../src/engine/Engine.cpp鈥?
  
F:\repos\PrismaEngine\src\engine\SceneNode.h(50,72): warning C4100: 'context': 鏈紩鐢ㄧ殑鍙傛暟 [F:\repos\PrismaEngine\build\editor-windows-x64-debug\src\engine\Engine.vcxproj]
  (缂栬瘧婧愭枃浠垛€?./../../../src/engine/Engine.cpp鈥?
  
F:\repos\PrismaEngine\src\engine\resource\Asset.h(28,58): warning C4100: 'format': 鏈紩鐢ㄧ殑鍙傛暟 [F:\repos\PrismaEngine\build\editor-windows-x64-debug\src\engine\Engine.vcxproj]
  (缂栬瘧婧愭枃浠垛€?./../../../src/engine/core/AssetManager.cpp鈥?
  
F:\repos\PrismaEngine\src\engine\resource\Asset.h(27,67): warning C4100: 'filePath': 鏈紩鐢ㄧ殑鍙傛暟 [F:\repos\PrismaEngine\build\editor-windows-x64-debug\src\engine\Engine.vcxproj]
  (缂栬瘧婧愭枃浠垛€?./../../../src/engine/core/AssetManager.cpp鈥?
  
F:\repos\PrismaEngine\src\engine\resource\Asset.h(41,41): warning C4458: 鈥渘ame鈥濈殑澹版槑闅愯棌浜嗙被鎴愬憳 [F:\repos\PrismaEngine\build\editor-windows-x64-debug\src\engine\Engine.vcxproj]
  (缂栬瘧婧愭枃浠垛€?./../../../src/engine/core/AssetManager.cpp鈥?
      F:\repos\PrismaEngine\src\engine\core\AssetBase.h(17,17):
      鍙傝鈥淧rismaEngine::AssetBase::name鈥濈殑澹版槑
  
F:\repos\PrismaEngine\src\engine\ThreadManager.h(17,23): warning C4100: 'deltaTime': 鏈紩鐢ㄧ殑鍙傛暟 [F:\repos\PrismaEngine\build\editor-windows-x64-debug\src\engine\Engine.vcxproj]
  (缂栬瘧婧愭枃浠垛€?./../../../src/engine/Engine.cpp鈥?
  
  MeshAsset.cpp
  PlatformWindows.cpp
  ResourceFallback.cpp
  AssetSerializer.cpp
  TsxParser.cpp
  EditorApplication.cpp
  AudioDeviceNull.cpp
  FontAtlas.cpp
  ForwardPipeline.cpp
  InputManager.cpp
  DebugOverlay.cpp
  CompositionPass.cpp
  TransparentPass.cpp
  Application.cpp
  TileDataDecoder.cpp
  LightingPass.cpp
  GeometryPass.cpp
  ResourceFallbackImpl.cpp
  DepthPrePass.cpp
  TextureAsset.cpp
  ApplicationWindows.cpp
  WindowsUtils.cpp
  GBuffer.cpp
  OpaquePass.cpp
  TextRendererComponent.cpp
  InputDevice.cpp
  TilemapAsset.cpp
  InputDriverWin32.cpp
  DeferredPipeline.cpp
  Asset.cpp
  TmxParser.cpp
  TilemapRenderer.cpp
F:\repos\PrismaEngine\src\engine\ISubSystem.h(11,31): warning C4100: 'deltaTime': 鏈紩鐢ㄧ殑鍙傛暟 [F:\repos\PrismaEngine\build\editor-windows-x64-debug\src\engine\Engine.vcxproj]
  (缂栬瘧婧愭枃浠垛€?./../../../src/engine/platform/Application.cpp鈥?
  
F:\repos\PrismaEngine\src\engine\tilemap\core\TileLayer.h(64,7): warning C4099: 鈥淧rismaEngine::TileLayer鈥? 绫诲瀷鍚嶇О浠ュ墠浣跨敤鈥渟truct鈥濈幇鍦ㄤ娇鐢ㄧ殑鏄€渃lass鈥?[F:\repos\PrismaEngine\build\editor-windows-x64-debug\src\engine\Engine.vcxproj]
  (缂栬瘧婧愭枃浠垛€?./../../../src/engine/tilemap/format/TmxParser.cpp鈥?
      F:\repos\PrismaEngine\src\engine\tilemap\core\TileLayer.h(64,7):
      鍙傝鈥淧rismaEngine::TileLayer鈥濈殑澹版槑
  
F:\repos\PrismaEngine\src\engine\tilemap\core\Map.h(144,23): warning C4189: 鈥済roup鈥? 灞€閮ㄥ彉閲忓凡鍒濆鍖栦絾涓嶅紩鐢?[F:\repos\PrismaEngine\build\editor-windows-x64-debug\src\engine\Engine.vcxproj]
  (缂栬瘧婧愭枃浠垛€?./../../../src/engine/tilemap/format/TmxParser.cpp鈥?
  
F:\repos\PrismaEngine\src\engine\input\drivers\InputDriverWin32.cpp(95,114): warning C4100: 'size': 鏈紩鐢ㄧ殑鍙傛暟 [F:\repos\PrismaEngine\build\editor-windows-x64-debug\src\engine\Engine.vcxproj]
F:\repos\PrismaEngine\src\engine\input\drivers\InputDriverWin32.cpp(95,101): warning C4100: 'uint': 鏈紩鐢ㄧ殑鍙傛暟 [F:\repos\PrismaEngine\build\editor-windows-x64-debug\src\engine\Engine.vcxproj]
F:\repos\PrismaEngine\src\engine\input\drivers\InputDriverWin32.cpp(95,90): warning C4100: 'data': 鏈紩鐢ㄧ殑鍙傛暟 [F:\repos\PrismaEngine\build\editor-windows-x64-debug\src\engine\Engine.vcxproj]
F:\repos\PrismaEngine\src\engine\tilemap\core\TileLayer.h(64,7): warning C4099: 鈥淧rismaEngine::TileLayer鈥? 绫诲瀷鍚嶇О浠ュ墠浣跨敤鈥渟truct鈥濈幇鍦ㄤ娇鐢ㄧ殑鏄€渃lass鈥?[F:\repos\PrismaEngine\build\editor-windows-x64-debug\src\engine\Engine.vcxproj]
  (缂栬瘧婧愭枃浠垛€?./../../../src/engine/tilemap/TilemapAsset.cpp鈥?
      F:\repos\PrismaEngine\src\engine\tilemap\core\TileLayer.h(64,7):
      鍙傝鈥淧rismaEngine::TileLayer鈥濈殑澹版槑
  
F:\repos\PrismaEngine\src\engine\tilemap\core\Map.h(144,23): warning C4189: 鈥済roup鈥? 灞€閮ㄥ彉閲忓凡鍒濆鍖栦絾涓嶅紩鐢?[F:\repos\PrismaEngine\build\editor-windows-x64-debug\src\engine\Engine.vcxproj]
F:\repos\PrismaEngine\src\engine\input\drivers\InputDriverWin32.cpp(353,97): warning C4100: 'duration': 鏈紩鐢ㄧ殑鍙傛暟 [F:\repos\PrismaEngine\build\editor-windows-x64-debug\src\engine\Engine.vcxproj]
  (缂栬瘧婧愭枃浠垛€?./../../../src/engine/tilemap/TilemapAsset.cpp鈥?
  
F:\repos\PrismaEngine\src\engine\tilemap\format\TileDataDecoder.cpp(171,87): warning C4100: 'expectedSize': 鏈紩鐢ㄧ殑鍙傛暟 [F:\repos\PrismaEngine\build\editor-windows-x64-debug\src\engine\Engine.vcxproj]
F:\repos\PrismaEngine\src\engine\tilemap\format\TileDataDecoder.cpp(217,39): warning C4267: 鈥?鈥? 浠庘€渟ize_t鈥濊浆鎹㈠埌鈥淧rismaEngine::uInt鈥濓紝鍙兘涓㈠け鏁版嵁 [F:\repos\PrismaEngine\build\editor-windows-x64-debug\src\engine\Engine.vcxproj]
F:\repos\PrismaEngine\src\engine\tilemap\format\TileDataDecoder.cpp(372,39): warning C4267: 鈥?鈥? 浠庘€渟ize_t鈥濊浆鎹㈠埌鈥淧rismaEngine::uInt鈥濓紝鍙兘涓㈠け鏁版嵁 [F:\repos\PrismaEngine\build\editor-windows-x64-debug\src\engine\Engine.vcxproj]
F:\repos\PrismaEngine\src\engine\tilemap\format\TileDataDecoder.cpp(468,39): warning C4267: 鈥?鈥? 浠庘€渟ize_t鈥濊浆鎹㈠埌鈥淧rismaEngine::uInt鈥濓紝鍙兘涓㈠け鏁版嵁 [F:\repos\PrismaEngine\build\editor-windows-x64-debug\src\engine\Engine.vcxproj]
F:\repos\PrismaEngine\src\engine\tilemap\format\TileDataDecoder.cpp(532,39): warning C4267: 鈥?鈥? 浠庘€渟ize_t鈥濊浆鎹㈠埌鈥淧rismaEngine::uInt鈥濓紝鍙兘涓㈠け鏁版嵁 [F:\repos\PrismaEngine\build\editor-windows-x64-debug\src\engine\Engine.vcxproj]
F:\repos\PrismaEngine\src\engine\tilemap\core\TileLayer.h(64,7): warning C4099: 鈥淧rismaEngine::TileLayer鈥? 绫诲瀷鍚嶇О浠ュ墠浣跨敤鈥渟truct鈥濈幇鍦ㄤ娇鐢ㄧ殑鏄€渃lass鈥?[F:\repos\PrismaEngine\build\editor-windows-x64-debug\src\engine\Engine.vcxproj]
  (缂栬瘧婧愭枃浠垛€?./../../../src/engine/tilemap/renderer/TilemapRenderer.cpp鈥?
      F:\repos\PrismaEngine\src\engine\tilemap\core\TileLayer.h(64,7):
      鍙傝鈥淧rismaEngine::TileLayer鈥濈殑澹版槑
  
F:\repos\PrismaEngine\src\engine\tilemap\core\Map.h(144,23): warning C4189: 鈥済roup鈥? 灞€閮ㄥ彉閲忓凡鍒濆鍖栦絾涓嶅紩鐢?[F:\repos\PrismaEngine\build\editor-windows-x64-debug\src\engine\Engine.vcxproj]
  (缂栬瘧婧愭枃浠垛€?./../../../src/engine/tilemap/renderer/TilemapRenderer.cpp鈥?
  
F:\repos\PrismaEngine\src\engine\graphic\LogicalPass.h(29,23): warning C4100: 'deltaTime': 鏈紩鐢ㄧ殑鍙傛暟 [F:\repos\PrismaEngine\build\editor-windows-x64-debug\src\engine\Engine.vcxproj]
  (缂栬瘧婧愭枃浠垛€?./../../../src/engine/graphic/pipelines/forward/ForwardPipeline.cpp鈥?
  
F:\repos\PrismaEngine\src\engine\graphic\LogicalPass.h(29,23): warning C4100: 'deltaTime': 鏈紩鐢ㄧ殑鍙傛暟 [F:\repos\PrismaEngine\build\editor-windows-x64-debug\src\engine\Engine.vcxproj]
  (缂栬瘧婧愭枃浠垛€?./../../../src/engine/graphic/pipelines/deferred/LightingPass.cpp鈥?
  
F:\repos\PrismaEngine\src\engine\graphic\LogicalPass.h(29,23): warning C4100: 'deltaTime': 鏈紩鐢ㄧ殑鍙傛暟 [F:\repos\PrismaEngine\build\editor-windows-x64-debug\src\engine\Engine.vcxproj]
  (缂栬瘧婧愭枃浠垛€?./../../../src/engine/graphic/pipelines/forward/DepthPrePass.cpp鈥?
  
F:\repos\PrismaEngine\src\engine\Component.h(15,31): warning C4100: 'deltaTime': 鏈紩鐢ㄧ殑鍙傛暟 [F:\repos\PrismaEngine\build\editor-windows-x64-debug\src\engine\Engine.vcxproj]
  (缂栬瘧婧愭枃浠垛€?./../../../src/engine/graphic/ui/TextRendererComponent.cpp鈥?
  
F:\repos\PrismaEngine\src\engine\graphic\LogicalPass.h(29,23): warning C4100: 'deltaTime': 鏈紩鐢ㄧ殑鍙傛暟 [F:\repos\PrismaEngine\build\editor-windows-x64-debug\src\engine\Engine.vcxproj]
  (缂栬瘧婧愭枃浠垛€?./../../../src/engine/graphic/pipelines/forward/TransparentPass.cpp鈥?
  
F:\repos\PrismaEngine\src\engine\tilemap\format\TsxParser.cpp(159,19): warning C4189: 鈥測鈥? 灞€閮ㄥ彉閲忓凡鍒濆鍖栦絾涓嶅紩鐢?[F:\repos\PrismaEngine\build\editor-windows-x64-debug\src\engine\Engine.vcxproj]
F:\repos\PrismaEngine\src\engine\tilemap\format\TsxParser.cpp(158,19): warning C4189: 鈥渪鈥? 灞€閮ㄥ彉閲忓凡鍒濆鍖栦絾涓嶅紩鐢?[F:\repos\PrismaEngine\build\editor-windows-x64-debug\src\engine\Engine.vcxproj]
F:\repos\PrismaEngine\src\engine\graphic\LogicalPass.h(29,23): warning C4100: 'deltaTime': 鏈紩鐢ㄧ殑鍙傛暟 [F:\repos\PrismaEngine\build\editor-windows-x64-debug\src\engine\Engine.vcxproj]
  (缂栬瘧婧愭枃浠垛€?./../../../src/engine/graphic/pipelines/deferred/DeferredPipeline.cpp鈥?
  
F:\repos\PrismaEngine\src\engine\graphic\LogicalPass.h(29,23): warning C4100: 'deltaTime': 鏈紩鐢ㄧ殑鍙傛暟 [F:\repos\PrismaEngine\build\editor-windows-x64-debug\src\engine\Engine.vcxproj]
  (缂栬瘧婧愭枃浠垛€?./../../../src/engine/graphic/pipelines/deferred/GeometryPass.cpp鈥?
  
F:\repos\PrismaEngine\src\engine\graphic\LogicalPass.h(29,23): warning C4100: 'deltaTime': 鏈紩鐢ㄧ殑鍙傛暟 [F:\repos\PrismaEngine\build\editor-windows-x64-debug\src\engine\Engine.vcxproj]
  (缂栬瘧婧愭枃浠垛€?./../../../src/engine/graphic/pipelines/forward/OpaquePass.cpp鈥?
  
F:\repos\PrismaEngine\src\engine\core\AssetBase.h(28,37): warning C4458: 鈥渘ame鈥濈殑澹版槑闅愯棌浜嗙被鎴愬憳 [F:\repos\PrismaEngine\build\editor-windows-x64-debug\src\engine\Engine.vcxproj]
F:\repos\PrismaEngine\src\engine\core\AssetBase.h(28,37): warning C4458: 鈥渘ame鈥濈殑澹版槑闅愯棌浜嗙被鎴愬憳 [F:\repos\PrismaEngine\build\editor-windows-x64-debug\src\engine\Engine.vcxproj]
  (缂栬瘧婧愭枃浠垛€?./../../../src/engine/resource/MeshAsset.cpp鈥?
      F:\repos\PrismaEngine\src\engine\core\AssetBase.h(17,17):
      鍙傝鈥淧rismaEngine::AssetBase::name鈥濈殑澹版槑
  
  (缂栬瘧婧愭枃浠垛€?./../../../src/engine/resource/ResourceFallback.cpp鈥?
      F:\repos\PrismaEngine\src\engine\core\AssetBase.h(17,17):
      鍙傝鈥淧rismaEngine::AssetBase::name鈥濈殑澹版槑
  
F:\repos\PrismaEngine\src\engine\graphic\LogicalPass.h(29,23): warning C4100: 'deltaTime': 鏈紩鐢ㄧ殑鍙傛暟 [F:\repos\PrismaEngine\build\editor-windows-x64-debug\src\engine\Engine.vcxproj]
  (缂栬瘧婧愭枃浠垛€?./../../../src/engine/graphic/pipelines/deferred/CompositionPass.cpp鈥?
  
F:\repos\PrismaEngine\src\engine\core\AssetBase.h(28,37): warning C4458: 鈥渘ame鈥濈殑澹版槑闅愯棌浜嗙被鎴愬憳 [F:\repos\PrismaEngine\build\editor-windows-x64-debug\src\engine\Engine.vcxproj]
  (缂栬瘧婧愭枃浠垛€?./../../../src/engine/resource/TextureAsset.cpp鈥?
      F:\repos\PrismaEngine\src\engine\core\AssetBase.h(17,17):
      鍙傝鈥淧rismaEngine::AssetBase::name鈥濈殑澹版槑
  
F:\repos\PrismaEngine\src\engine\graphic\ui\FontAtlas.cpp(152,29): warning C4244: 鈥?鈥? 浠庘€渟tbrp_coord鈥濊浆鎹㈠埌鈥渦nsigned short鈥濓紝鍙兘涓㈠け鏁版嵁 [F:\repos\PrismaEngine\build\editor-windows-x64-debug\src\engine\Engine.vcxproj]
F:\repos\PrismaEngine\src\engine\graphic\ui\FontAtlas.cpp(153,29): warning C4244: 鈥?鈥? 浠庘€渟tbrp_coord鈥濊浆鎹㈠埌鈥渦nsigned short鈥濓紝鍙兘涓㈠け鏁版嵁 [F:\repos\PrismaEngine\build\editor-windows-x64-debug\src\engine\Engine.vcxproj]
F:\repos\PrismaEngine\src\engine\graphic\ui\FontAtlas.cpp(154,32): warning C4244: 鈥?鈥? 浠庘€渋nt鈥濊浆鎹㈠埌鈥渦nsigned short鈥濓紝鍙兘涓㈠け鏁版嵁 [F:\repos\PrismaEngine\build\editor-windows-x64-debug\src\engine\Engine.vcxproj]
F:\repos\PrismaEngine\src\engine\graphic\ui\FontAtlas.cpp(155,32): warning C4244: 鈥?鈥? 浠庘€渋nt鈥濊浆鎹㈠埌鈥渦nsigned short鈥濓紝鍙兘涓㈠け鏁版嵁 [F:\repos\PrismaEngine\build\editor-windows-x64-debug\src\engine\Engine.vcxproj]
F:\repos\PrismaEngine\src\engine\graphic\ui\FontAtlas.cpp(156,27): warning C4244: 鈥?鈥? 浠庘€渋nt鈥濊浆鎹㈠埌鈥渇loat鈥濓紝鍙兘涓㈠け鏁版嵁 [F:\repos\PrismaEngine\build\editor-windows-x64-debug\src\engine\Engine.vcxproj]
F:\repos\PrismaEngine\src\engine\graphic\ui\FontAtlas.cpp(157,27): warning C4244: 鈥?鈥? 浠庘€渋nt鈥濊浆鎹㈠埌鈥渇loat鈥濓紝鍙兘涓㈠け鏁版嵁 [F:\repos\PrismaEngine\build\editor-windows-x64-debug\src\engine\Engine.vcxproj]
F:\repos\PrismaEngine\src\engine\graphic\ui\FontAtlas.cpp(161,61): warning C4244: 鈥?鈥? 浠庘€渋nt鈥濊浆鎹㈠埌鈥渇loat鈥濓紝鍙兘涓㈠け鏁版嵁 [F:\repos\PrismaEngine\build\editor-windows-x64-debug\src\engine\Engine.vcxproj]
F:\repos\PrismaEngine\src\engine\graphic\ui\FontAtlas.cpp(162,28): warning C4244: 鈥?鈥? 浠庘€渋nt鈥濊浆鎹㈠埌鈥渇loat鈥濓紝鍙兘涓㈠け鏁版嵁 [F:\repos\PrismaEngine\build\editor-windows-x64-debug\src\engine\Engine.vcxproj]
F:\repos\PrismaEngine\src\engine\graphic\ui\FontAtlas.cpp(163,28): warning C4244: 鈥?鈥? 浠庘€渋nt鈥濊浆鎹㈠埌鈥渇loat鈥濓紝鍙兘涓㈠け鏁版嵁 [F:\repos\PrismaEngine\build\editor-windows-x64-debug\src\engine\Engine.vcxproj]
F:\repos\PrismaEngine\src\engine\graphic\ui\FontAtlas.cpp(169,27): warning C4244: 鈥?鈥? 浠庘€渋nt鈥濊浆鎹㈠埌鈥渇loat鈥濓紝鍙兘涓㈠け鏁版嵁 [F:\repos\PrismaEngine\build\editor-windows-x64-debug\src\engine\Engine.vcxproj]
F:\repos\PrismaEngine\src\engine\graphic\ui\FontAtlas.cpp(170,27): warning C4244: 鈥?鈥? 浠庘€渋nt鈥濊浆鎹㈠埌鈥渇loat鈥濓紝鍙兘涓㈠け鏁版嵁 [F:\repos\PrismaEngine\build\editor-windows-x64-debug\src\engine\Engine.vcxproj]
F:\repos\PrismaEngine\src\engine\graphic\ui\FontAtlas.cpp(174,61): warning C4244: 鈥?鈥? 浠庘€渋nt鈥濊浆鎹㈠埌鈥渇loat鈥濓紝鍙兘涓㈠け鏁版嵁 [F:\repos\PrismaEngine\build\editor-windows-x64-debug\src\engine\Engine.vcxproj]
F:\repos\PrismaEngine\src\engine\graphic\ui\FontAtlas.cpp(175,28): warning C4244: 鈥?鈥? 浠庘€渋nt鈥濊浆鎹㈠埌鈥渇loat鈥濓紝鍙兘涓㈠け鏁版嵁 [F:\repos\PrismaEngine\build\editor-windows-x64-debug\src\engine\Engine.vcxproj]
F:\repos\PrismaEngine\src\engine\graphic\ui\FontAtlas.cpp(176,28): warning C4244: 鈥?鈥? 浠庘€渋nt鈥濊浆鎹㈠埌鈥渇loat鈥濓紝鍙兘涓㈠け鏁版嵁 [F:\repos\PrismaEngine\build\editor-windows-x64-debug\src\engine\Engine.vcxproj]
F:\repos\PrismaEngine\src\engine\resource\ResourceFallback.cpp(31,32): warning C4100: 'failedResource': 鏈紩鐢ㄧ殑鍙傛暟 [F:\repos\PrismaEngine\build\editor-windows-x64-debug\src\engine\Engine.vcxproj]
D:\Program Files\Microsoft Visual Studio\2022\Community\VC\Tools\MSVC\14.44.35207\include\utility(274,16): warning C4244: 鈥滃垵濮嬪寲鈥? 浠庘€淿Ty鈥濊浆鎹㈠埌鈥淿Ty1鈥濓紝鍙兘涓㈠け鏁版嵁 [F:\repos\PrismaEngine\build\editor-windows-x64-debug\src\engine\Engine.vcxproj]
D:\Program Files\Microsoft Visual Studio\2022\Community\VC\Tools\MSVC\14.44.35207\include\utility(274,16): warning C4244:         with [F:\repos\PrismaEngine\build\editor-windows-x64-debug\src\engine\Engine.vcxproj]
D:\Program Files\Microsoft Visual Studio\2022\Community\VC\Tools\MSVC\14.44.35207\include\utility(274,16): warning C4244:         [ [F:\repos\PrismaEngine\build\editor-windows-x64-debug\src\engine\Engine.vcxproj]
D:\Program Files\Microsoft Visual Studio\2022\Community\VC\Tools\MSVC\14.44.35207\include\utility(274,16): warning C4244:             _Ty=int [F:\repos\PrismaEngine\build\editor-windows-x64-debug\src\engine\Engine.vcxproj]
D:\Program Files\Microsoft Visual Studio\2022\Community\VC\Tools\MSVC\14.44.35207\include\utility(274,16): warning C4244:         ] [F:\repos\PrismaEngine\build\editor-windows-x64-debug\src\engine\Engine.vcxproj]
D:\Program Files\Microsoft Visual Studio\2022\Community\VC\Tools\MSVC\14.44.35207\include\utility(274,16): warning C4244:         and [F:\repos\PrismaEngine\build\editor-windows-x64-debug\src\engine\Engine.vcxproj]
D:\Program Files\Microsoft Visual Studio\2022\Community\VC\Tools\MSVC\14.44.35207\include\utility(274,16): warning C4244:         [ [F:\repos\PrismaEngine\build\editor-windows-x64-debug\src\engine\Engine.vcxproj]
D:\Program Files\Microsoft Visual Studio\2022\Community\VC\Tools\MSVC\14.44.35207\include\utility(274,16): warning C4244:             _Ty1=float [F:\repos\PrismaEngine\build\editor-windows-x64-debug\src\engine\Engine.vcxproj]
D:\Program Files\Microsoft Visual Studio\2022\Community\VC\Tools\MSVC\14.44.35207\include\utility(274,16): warning C4244:         ] [F:\repos\PrismaEngine\build\editor-windows-x64-debug\src\engine\Engine.vcxproj]
  (缂栬瘧婧愭枃浠垛€?./../../../src/engine/tilemap/format/TsxParser.cpp鈥?
      D:\Program Files\Microsoft Visual Studio\2022\Community\VC\Tools\MSVC\14.44.35207\include\utility(274,16):
      妯℃澘瀹炰緥鍖栦笂涓嬫枃(鏈€鏃╃殑瀹炰緥鍖栦笂涓嬫枃)涓?
          F:\repos\PrismaEngine\src\engine\tilemap\format\TsxParser.cpp(132,56):
          鏌ョ湅瀵规鍦ㄧ紪璇戠殑鍑芥暟 妯℃澘 瀹炰緥鍖栤€渟td::pair<float,float>::pair<int,int,0>(_Other1 &&,_Other2 &&) noexcept鈥濈殑寮曠敤
          with
          [
              _Other1=int,
              _Other2=int
          ]
              F:\repos\PrismaEngine\src\engine\tilemap\format\TsxParser.cpp(132,55):
              璇峰弬闃?"PrismaEngine::TsxParser::ParseCollisionShapes" 涓 "std::pair<float,float>::pair" 鐨勭涓€涓紩鐢?
  
D:\Program Files\Microsoft Visual Studio\2022\Community\VC\Tools\MSVC\14.44.35207\include\utility(274,54): warning C4244: 鈥滃垵濮嬪寲鈥? 浠庘€淿Ty鈥濊浆鎹㈠埌鈥淿Ty2鈥濓紝鍙兘涓㈠け鏁版嵁 [F:\repos\PrismaEngine\build\editor-windows-x64-debug\src\engine\Engine.vcxproj]
D:\Program Files\Microsoft Visual Studio\2022\Community\VC\Tools\MSVC\14.44.35207\include\utility(274,54): warning C4244:         with [F:\repos\PrismaEngine\build\editor-windows-x64-debug\src\engine\Engine.vcxproj]
D:\Program Files\Microsoft Visual Studio\2022\Community\VC\Tools\MSVC\14.44.35207\include\utility(274,54): warning C4244:         [ [F:\repos\PrismaEngine\build\editor-windows-x64-debug\src\engine\Engine.vcxproj]
D:\Program Files\Microsoft Visual Studio\2022\Community\VC\Tools\MSVC\14.44.35207\include\utility(274,54): warning C4244:             _Ty=int [F:\repos\PrismaEngine\build\editor-windows-x64-debug\src\engine\Engine.vcxproj]
D:\Program Files\Microsoft Visual Studio\2022\Community\VC\Tools\MSVC\14.44.35207\include\utility(274,54): warning C4244:         ] [F:\repos\PrismaEngine\build\editor-windows-x64-debug\src\engine\Engine.vcxproj]
D:\Program Files\Microsoft Visual Studio\2022\Community\VC\Tools\MSVC\14.44.35207\include\utility(274,54): warning C4244:         and [F:\repos\PrismaEngine\build\editor-windows-x64-debug\src\engine\Engine.vcxproj]
D:\Program Files\Microsoft Visual Studio\2022\Community\VC\Tools\MSVC\14.44.35207\include\utility(274,54): warning C4244:         [ [F:\repos\PrismaEngine\build\editor-windows-x64-debug\src\engine\Engine.vcxproj]
D:\Program Files\Microsoft Visual Studio\2022\Community\VC\Tools\MSVC\14.44.35207\include\utility(274,54): warning C4244:             _Ty2=float [F:\repos\PrismaEngine\build\editor-windows-x64-debug\src\engine\Engine.vcxproj]
D:\Program Files\Microsoft Visual Studio\2022\Community\VC\Tools\MSVC\14.44.35207\include\utility(274,54): warning C4244:         ] [F:\repos\PrismaEngine\build\editor-windows-x64-debug\src\engine\Engine.vcxproj]
  (缂栬瘧婧愭枃浠垛€?./../../../src/engine/tilemap/format/TsxParser.cpp鈥?
  
F:\repos\PrismaEngine\src\engine\core\AssetBase.h(28,37): warning C4458: 鈥渘ame鈥濈殑澹版槑闅愯棌浜嗙被鎴愬憳 [F:\repos\PrismaEngine\build\editor-windows-x64-debug\src\engine\Engine.vcxproj]
  (缂栬瘧婧愭枃浠垛€?./../../../src/engine/resource/Asset.cpp鈥?
      F:\repos\PrismaEngine\src\engine\core\AssetBase.h(17,17):
      鍙傝鈥淧rismaEngine::AssetBase::name鈥濈殑澹版槑
  
F:\repos\PrismaEngine\src\engine\audio\IAudioDevice.h(60,47): warning C4100: 'deviceName': 鏈紩鐢ㄧ殑鍙傛暟 [F:\repos\PrismaEngine\build\editor-windows-x64-debug\src\engine\Engine.vcxproj]
  (缂栬瘧婧愭枃浠垛€?./../../../src/engine/audio/AudioDeviceNull.cpp鈥?
  
F:\repos\PrismaEngine\src\engine\audio\IAudioDevice.h(199,87): warning C4100: 'params': 鏈紩鐢ㄧ殑鍙傛暟 [F:\repos\PrismaEngine\build\editor-windows-x64-debug\src\engine\Engine.vcxproj]
  (缂栬瘧婧愭枃浠垛€?./../../../src/engine/audio/AudioDeviceNull.cpp鈥?
  
F:\repos\PrismaEngine\src\engine\audio\IAudioDevice.h(199,63): warning C4100: 'effectType': 鏈紩鐢ㄧ殑鍙傛暟 [F:\repos\PrismaEngine\build\editor-windows-x64-debug\src\engine\Engine.vcxproj]
  (缂栬瘧婧愭枃浠垛€?./../../../src/engine/audio/AudioDeviceNull.cpp鈥?
  
F:\repos\PrismaEngine\src\engine\audio\IAudioDevice.h(199,43): warning C4100: 'voiceId': 鏈紩鐢ㄧ殑鍙傛暟 [F:\repos\PrismaEngine\build\editor-windows-x64-debug\src\engine\Engine.vcxproj]
  (缂栬瘧婧愭枃浠垛€?./../../../src/engine/audio/AudioDeviceNull.cpp鈥?
  
F:\repos\PrismaEngine\src\engine\audio\IAudioDevice.h(203,45): warning C4100: 'voiceId': 鏈紩鐢ㄧ殑鍙傛暟 [F:\repos\PrismaEngine\build\editor-windows-x64-debug\src\engine\Engine.vcxproj]
  (缂栬瘧婧愭枃浠垛€?./../../../src/engine/audio/AudioDeviceNull.cpp鈥?
  
F:\repos\PrismaEngine\src\engine\tilemap\format\TmxParser.cpp(242,19): warning C4189: 鈥測鈥? 灞€閮ㄥ彉閲忓凡鍒濆鍖栦絾涓嶅紩鐢?[F:\repos\PrismaEngine\build\editor-windows-x64-debug\src\engine\Engine.vcxproj]
F:\repos\PrismaEngine\src\engine\tilemap\format\TmxParser.cpp(241,19): warning C4189: 鈥渪鈥? 灞€閮ㄥ彉閲忓凡鍒濆鍖栦絾涓嶅紩鐢?[F:\repos\PrismaEngine\build\editor-windows-x64-debug\src\engine\Engine.vcxproj]
F:\repos\PrismaEngine\src\engine\core\AssetBase.h(28,37): warning C4458: 鈥渘ame鈥濈殑澹版槑闅愯棌浜嗙被鎴愬憳 [F:\repos\PrismaEngine\build\editor-windows-x64-debug\src\engine\Engine.vcxproj]
F:\repos\PrismaEngine\src\engine\tilemap\format\TmxParser.cpp(550,31): warning C4456: 鈥渋mgElem鈥濈殑澹版槑闅愯棌浜嗕笂涓€涓湰鍦板０鏄?[F:\repos\PrismaEngine\build\editor-windows-x64-debug\src\engine\Engine.vcxproj]
      F:\repos\PrismaEngine\src\engine\tilemap\format\TmxParser.cpp(456,27):
      鍙傝鈥渋mgElem鈥濈殑澹版槑
  
F:\repos\PrismaEngine\src\engine\tilemap\format\TmxParser.cpp(425,34): warning C4100: 'basePath': 鏈紩鐢ㄧ殑鍙傛暟 [F:\repos\PrismaEngine\build\editor-windows-x64-debug\src\engine\Engine.vcxproj]
F:\repos\PrismaEngine\src\engine\core\AssetBase.h(28,37): warning C4458: 鈥渘ame鈥濈殑澹版槑闅愯棌浜嗙被鎴愬憳 [F:\repos\PrismaEngine\build\editor-windows-x64-debug\src\engine\Engine.vcxproj]
  (缂栬瘧婧愭枃浠垛€?./../../../src/engine/tilemap/TilemapAsset.cpp鈥?
      F:\repos\PrismaEngine\src\engine\core\AssetBase.h(17,17):
      鍙傝鈥淧rismaEngine::AssetBase::name鈥濈殑澹版槑
  
  (缂栬瘧婧愭枃浠垛€?./../../../src/engine/resource/ResourceFallbackImpl.cpp鈥?
      F:\repos\PrismaEngine\src\engine\core\AssetBase.h(17,17):
      鍙傝鈥淧rismaEngine::AssetBase::name鈥濈殑澹版槑
  
F:\repos\PrismaEngine\src\engine\ISubSystem.h(11,31): warning C4100: 'deltaTime': 鏈紩鐢ㄧ殑鍙傛暟 [F:\repos\PrismaEngine\build\editor-windows-x64-debug\src\engine\Engine.vcxproj]
  (缂栬瘧婧愭枃浠垛€?./../../../src/engine/resource/ResourceFallbackImpl.cpp鈥?
  
F:\repos\PrismaEngine\src\engine\core\AssetBase.h(28,37): warning C4458: 鈥渘ame鈥濈殑澹版槑闅愯棌浜嗙被鎴愬憳 [F:\repos\PrismaEngine\build\editor-windows-x64-debug\src\engine\Engine.vcxproj]
  (缂栬瘧婧愭枃浠垛€?./../../../src/engine/graphic/pipelines/forward/ForwardPipeline.cpp鈥?
      F:\repos\PrismaEngine\src\engine\core\AssetBase.h(17,17):
      鍙傝鈥淧rismaEngine::AssetBase::name鈥濈殑澹版槑
  
F:\repos\PrismaEngine\src\engine\core\AssetBase.h(28,37): warning C4458: 鈥渘ame鈥濈殑澹版槑闅愯棌浜嗙被鎴愬憳 [F:\repos\PrismaEngine\build\editor-windows-x64-debug\src\engine\Engine.vcxproj]
  (缂栬瘧婧愭枃浠垛€?./../../../src/engine/tilemap/renderer/TilemapRenderer.cpp鈥?
      F:\repos\PrismaEngine\src\engine\core\AssetBase.h(17,17):
      鍙傝鈥淧rismaEngine::AssetBase::name鈥濈殑澹版槑
  
F:\repos\PrismaEngine\src\engine\core\AssetBase.h(28,37): warning C4458: 鈥渘ame鈥濈殑澹版槑闅愯棌浜嗙被鎴愬憳 [F:\repos\PrismaEngine\build\editor-windows-x64-debug\src\engine\Engine.vcxproj]
  (缂栬瘧婧愭枃浠垛€?./../../../src/engine/resource/AssetSerializer.cpp鈥?
      F:\repos\PrismaEngine\src\engine\core\AssetBase.h(17,17):
      鍙傝鈥淧rismaEngine::AssetBase::name鈥濈殑澹版槑
  
F:\repos\PrismaEngine\src\engine\core\AssetBase.h(28,37): warning C4458: 鈥渘ame鈥濈殑澹版槑闅愯棌浜嗙被鎴愬憳 [F:\repos\PrismaEngine\build\editor-windows-x64-debug\src\engine\Engine.vcxproj]
  (缂栬瘧婧愭枃浠垛€?./../../../src/engine/graphic/ui/TextRendererComponent.cpp鈥?
      F:\repos\PrismaEngine\src\engine\core\AssetBase.h(17,17):
      鍙傝鈥淧rismaEngine::AssetBase::name鈥濈殑澹版槑
  
F:\repos\PrismaEngine\src\engine\core\AssetBase.h(28,37): warning C4458: 鈥渘ame鈥濈殑澹版槑闅愯棌浜嗙被鎴愬憳 [F:\repos\PrismaEngine\build\editor-windows-x64-debug\src\engine\Engine.vcxproj]
  (缂栬瘧婧愭枃浠垛€?./../../../src/engine/graphic/pipelines/deferred/DeferredPipeline.cpp鈥?
      F:\repos\PrismaEngine\src\engine\core\AssetBase.h(17,17):
      鍙傝鈥淧rismaEngine::AssetBase::name鈥濈殑澹版槑
  
F:\repos\PrismaEngine\src\engine\resource\ArchiveBinary.h(117,50): warning C4100: 'expectedField': 鏈紩鐢ㄧ殑鍙傛暟 [F:\repos\PrismaEngine\build\editor-windows-x64-debug\src\engine\Engine.vcxproj]
  (缂栬瘧婧愭枃浠垛€?./../../../src/engine/resource/TextureAsset.cpp鈥?
  
F:\repos\PrismaEngine\src\engine\ISubSystem.h(11,31): warning C4100: 'deltaTime': 鏈紩鐢ㄧ殑鍙傛暟 [F:\repos\PrismaEngine\build\editor-windows-x64-debug\src\engine\Engine.vcxproj]
  (缂栬瘧婧愭枃浠垛€?./../../../src/engine/graphic/pipelines/forward/ForwardPipeline.cpp鈥?
  
F:\repos\PrismaEngine\src\engine\resource\ArchiveJson.h(39,36): warning C4100: 'size': 鏈紩鐢ㄧ殑鍙傛暟 [F:\repos\PrismaEngine\build\editor-windows-x64-debug\src\engine\Engine.vcxproj]
F:\repos\PrismaEngine\src\engine\Component.h(15,31): warning C4100: 'deltaTime': 鏈紩鐢ㄧ殑鍙傛暟 [F:\repos\PrismaEngine\build\editor-windows-x64-debug\src\engine\Engine.vcxproj]
F:\repos\PrismaEngine\src\engine\resource\ArchiveBinary.h(117,50): warning C4100: 'expectedField': 鏈紩鐢ㄧ殑鍙傛暟 [F:\repos\PrismaEngine\build\editor-windows-x64-debug\src\engine\Engine.vcxproj]
  (缂栬瘧婧愭枃浠垛€?./../../../src/engine/resource/MeshAsset.cpp鈥?
  
  (缂栬瘧婧愭枃浠垛€?./../../../src/engine/graphic/pipelines/forward/ForwardPipeline.cpp鈥?
  
F:\repos\PrismaEngine\src\engine\resource\ArchiveJson.h(39,36): warning C4100: 'size': 鏈紩鐢ㄧ殑鍙傛暟 [F:\repos\PrismaEngine\build\editor-windows-x64-debug\src\engine\Engine.vcxproj]
  (缂栬瘧婧愭枃浠垛€?./../../../src/engine/resource/MeshAsset.cpp鈥?
  
F:\repos\PrismaEngine\src\engine\resource\ArchiveJson.h(50,37): warning C4100: 'fieldCount': 鏈紩鐢ㄧ殑鍙傛暟 [F:\repos\PrismaEngine\build\editor-windows-x64-debug\src\engine\Engine.vcxproj]
  (缂栬瘧婧愭枃浠垛€?./../../../src/engine/resource/MeshAsset.cpp鈥?
  
F:\repos\PrismaEngine\src\engine\resource\ArchiveJson.h(168,48): warning C4100: 'key': 鏈紩鐢ㄧ殑鍙傛暟 [F:\repos\PrismaEngine\build\editor-windows-x64-debug\src\engine\Engine.vcxproj]
  (缂栬瘧婧愭枃浠垛€?./../../../src/engine/resource/MeshAsset.cpp鈥?
  
F:\repos\PrismaEngine\src\engine\resource\Asset.h(28,58): warning C4100: 'format': 鏈紩鐢ㄧ殑鍙傛暟 [F:\repos\PrismaEngine\build\editor-windows-x64-debug\src\engine\Engine.vcxproj]
  (缂栬瘧婧愭枃浠垛€?./../../../src/engine/resource/MeshAsset.cpp鈥?
  
F:\repos\PrismaEngine\src\engine\resource\Asset.h(27,67): warning C4100: 'filePath': 鏈紩鐢ㄧ殑鍙傛暟 [F:\repos\PrismaEngine\build\editor-windows-x64-debug\src\engine\Engine.vcxproj]
  (缂栬瘧婧愭枃浠垛€?./../../../src/engine/resource/MeshAsset.cpp鈥?
  
F:\repos\PrismaEngine\src\engine\resource\Asset.h(41,41): warning C4458: 鈥渘ame鈥濈殑澹版槑闅愯棌浜嗙被鎴愬憳 [F:\repos\PrismaEngine\build\editor-windows-x64-debug\src\engine\Engine.vcxproj]
  (缂栬瘧婧愭枃浠垛€?./../../../src/engine/resource/MeshAsset.cpp鈥?
      F:\repos\PrismaEngine\src\engine\core\AssetBase.h(17,17):
      鍙傝鈥淧rismaEngine::AssetBase::name鈥濈殑澹版槑
  
  (缂栬瘧婧愭枃浠垛€?./../../../src/engine/resource/TextureAsset.cpp鈥?
  
F:\repos\PrismaEngine\src\engine\resource\ArchiveJson.h(50,37): warning C4100: 'fieldCount': 鏈紩鐢ㄧ殑鍙傛暟 [F:\repos\PrismaEngine\build\editor-windows-x64-debug\src\engine\Engine.vcxproj]
F:\repos\PrismaEngine\src\engine\resource\ArchiveBinary.h(117,50): warning C4100: 'expectedField': 鏈紩鐢ㄧ殑鍙傛暟 [F:\repos\PrismaEngine\build\editor-windows-x64-debug\src\engine\Engine.vcxproj]
  (缂栬瘧婧愭枃浠垛€?./../../../src/engine/resource/AssetSerializer.cpp鈥?
  
F:\repos\PrismaEngine\src\engine\resource\ArchiveJson.h(39,36): warning C4100: 'size': 鏈紩鐢ㄧ殑鍙傛暟 [F:\repos\PrismaEngine\build\editor-windows-x64-debug\src\engine\Engine.vcxproj]
  (缂栬瘧婧愭枃浠垛€?./../../../src/engine/resource/AssetSerializer.cpp鈥?
  
F:\repos\PrismaEngine\src\engine\resource\ArchiveJson.h(50,37): warning C4100: 'fieldCount': 鏈紩鐢ㄧ殑鍙傛暟 [F:\repos\PrismaEngine\build\editor-windows-x64-debug\src\engine\Engine.vcxproj]
  (缂栬瘧婧愭枃浠垛€?./../../../src/engine/resource/AssetSerializer.cpp鈥?
  
F:\repos\PrismaEngine\src\engine\resource\ArchiveJson.h(168,48): warning C4100: 'key': 鏈紩鐢ㄧ殑鍙傛暟 [F:\repos\PrismaEngine\build\editor-windows-x64-debug\src\engine\Engine.vcxproj]
F:\repos\PrismaEngine\src\engine\resource\ArchiveBinary.h(117,50): warning C4100: 'expectedField': 鏈紩鐢ㄧ殑鍙傛暟 [F:\repos\PrismaEngine\build\editor-windows-x64-debug\src\engine\Engine.vcxproj]
  (缂栬瘧婧愭枃浠垛€?./../../../src/engine/tilemap/TilemapAsset.cpp鈥?
  
  (缂栬瘧婧愭枃浠垛€?./../../../src/engine/resource/TextureAsset.cpp鈥?
  
F:\repos\PrismaEngine\src\engine\resource\ArchiveJson.h(39,36): warning C4100: 'size': 鏈紩鐢ㄧ殑鍙傛暟 [F:\repos\PrismaEngine\build\editor-windows-x64-debug\src\engine\Engine.vcxproj]
  (缂栬瘧婧愭枃浠垛€?./../../../src/engine/tilemap/TilemapAsset.cpp鈥?
  
F:\repos\PrismaEngine\src\engine\resource\ArchiveJson.h(50,37): warning C4100: 'fieldCount': 鏈紩鐢ㄧ殑鍙傛暟 [F:\repos\PrismaEngine\build\editor-windows-x64-debug\src\engine\Engine.vcxproj]
F:\repos\PrismaEngine\src\engine\resource\ArchiveJson.h(168,48): warning C4100: 'key': 鏈紩鐢ㄧ殑鍙傛暟 [F:\repos\PrismaEngine\build\editor-windows-x64-debug\src\engine\Engine.vcxproj]
  (缂栬瘧婧愭枃浠垛€?./../../../src/engine/resource/AssetSerializer.cpp鈥?
  
F:\repos\PrismaEngine\src\engine\graphic\ui\TextRendererComponent.cpp(43,42): warning C4100: 'deltaTime': 鏈紩鐢ㄧ殑鍙傛暟 [F:\repos\PrismaEngine\build\editor-windows-x64-debug\src\engine\Engine.vcxproj]
  (缂栬瘧婧愭枃浠垛€?./../../../src/engine/tilemap/TilemapAsset.cpp鈥?
  
F:\repos\PrismaEngine\src\engine\resource\ArchiveBinary.h(117,50): warning C4100: 'expectedField': 鏈紩鐢ㄧ殑鍙傛暟 [F:\repos\PrismaEngine\build\editor-windows-x64-debug\src\engine\Engine.vcxproj]
F:\repos\PrismaEngine\src\engine\resource\ArchiveJson.h(168,48): warning C4100: 'key': 鏈紩鐢ㄧ殑鍙傛暟 [F:\repos\PrismaEngine\build\editor-windows-x64-debug\src\engine\Engine.vcxproj]
  (缂栬瘧婧愭枃浠垛€?./../../../src/engine/resource/Asset.cpp鈥?
  
F:\repos\PrismaEngine\src\engine\resource\MeshAsset.cpp(167,37): warning C4189: 鈥渧ertex鈥? 灞€閮ㄥ彉閲忓凡鍒濆鍖栦絾涓嶅紩鐢?[F:\repos\PrismaEngine\build\editor-windows-x64-debug\src\engine\Engine.vcxproj]
F:\repos\PrismaEngine\src\engine\resource\ArchiveJson.h(39,36): warning C4100: 'size': 鏈紩鐢ㄧ殑鍙傛暟 [F:\repos\PrismaEngine\build\editor-windows-x64-debug\src\engine\Engine.vcxproj]
  (缂栬瘧婧愭枃浠垛€?./../../../src/engine/tilemap/TilemapAsset.cpp鈥?
  
  (缂栬瘧婧愭枃浠垛€?./../../../src/engine/resource/Asset.cpp鈥?
  
F:\repos\PrismaEngine\src\engine\resource\ArchiveJson.h(50,37): warning C4100: 'fieldCount': 鏈紩鐢ㄧ殑鍙傛暟 [F:\repos\PrismaEngine\build\editor-windows-x64-debug\src\engine\Engine.vcxproj]
F:\repos\PrismaEngine\src\engine\resource\Asset.h(28,58): warning C4100: 'format': 鏈紩鐢ㄧ殑鍙傛暟 [F:\repos\PrismaEngine\build\editor-windows-x64-debug\src\engine\Engine.vcxproj]
  (缂栬瘧婧愭枃浠垛€?./../../../src/engine/tilemap/TilemapAsset.cpp鈥?
  
F:\repos\PrismaEngine\src\engine\resource\Asset.h(27,67): warning C4100: 'filePath': 鏈紩鐢ㄧ殑鍙傛暟 [F:\repos\PrismaEngine\build\editor-windows-x64-debug\src\engine\Engine.vcxproj]
  (缂栬瘧婧愭枃浠垛€?./../../../src/engine/tilemap/TilemapAsset.cpp鈥?
  
F:\repos\PrismaEngine\src\engine\resource\Asset.h(41,41): warning C4458: 鈥渘ame鈥濈殑澹版槑闅愯棌浜嗙被鎴愬憳 [F:\repos\PrismaEngine\build\editor-windows-x64-debug\src\engine\Engine.vcxproj]
  (缂栬瘧婧愭枃浠垛€?./../../../src/engine/resource/Asset.cpp鈥?
  
F:\repos\PrismaEngine\src\engine\ISubSystem.h(11,31): warning C4100: 'deltaTime': 鏈紩鐢ㄧ殑鍙傛暟 [F:\repos\PrismaEngine\build\editor-windows-x64-debug\src\engine\Engine.vcxproj]
F:\repos\PrismaEngine\src\engine\resource\ArchiveBinary.h(117,50): warning C4100: 'expectedField': 鏈紩鐢ㄧ殑鍙傛暟 [F:\repos\PrismaEngine\build\editor-windows-x64-debug\src\engine\Engine.vcxproj]
  (缂栬瘧婧愭枃浠垛€?./../../../src/engine/graphic/pipelines/deferred/DeferredPipeline.cpp鈥?
  
  (缂栬瘧婧愭枃浠垛€?./../../../src/engine/tilemap/renderer/TilemapRenderer.cpp鈥?
  
  (缂栬瘧婧愭枃浠垛€?./../../../src/engine/tilemap/TilemapAsset.cpp鈥?
      F:\repos\PrismaEngine\src\engine\core\AssetBase.h(17,17):
      鍙傝鈥淧rismaEngine::AssetBase::name鈥濈殑澹版槑
  
F:\repos\PrismaEngine\src\engine\tilemap\TilemapAsset.h(111,24): warning C4458: 鈥渘ame鈥濈殑澹版槑闅愯棌浜嗙被鎴愬憳 [F:\repos\PrismaEngine\build\editor-windows-x64-debug\src\engine\Engine.vcxproj]
  (缂栬瘧婧愭枃浠垛€?./../../../src/engine/tilemap/TilemapAsset.cpp鈥?
      F:\repos\PrismaEngine\src\engine\core\AssetBase.h(17,17):
      鍙傝鈥淧rismaEngine::AssetBase::name鈥濈殑澹版槑
  
F:\repos\PrismaEngine\src\engine\tilemap\TilemapAsset.h(124,24): warning C4458: 鈥渘ame鈥濈殑澹版槑闅愯棌浜嗙被鎴愬憳 [F:\repos\PrismaEngine\build\editor-windows-x64-debug\src\engine\Engine.vcxproj]
F:\repos\PrismaEngine\src\engine\resource\ArchiveJson.h(168,48): warning C4100: 'key': 鏈紩鐢ㄧ殑鍙傛暟 [F:\repos\PrismaEngine\build\editor-windows-x64-debug\src\engine\Engine.vcxproj]
  (缂栬瘧婧愭枃浠垛€?./../../../src/engine/resource/Asset.cpp鈥?
  
F:\repos\PrismaEngine\src\engine\resource\ArchiveJson.h(39,36): warning C4100: 'size': 鏈紩鐢ㄧ殑鍙傛暟 [F:\repos\PrismaEngine\build\editor-windows-x64-debug\src\engine\Engine.vcxproj]
  (缂栬瘧婧愭枃浠垛€?./../../../src/engine/tilemap/TilemapAsset.cpp鈥?
      F:\repos\PrismaEngine\src\engine\core\AssetBase.h(17,17):
      鍙傝鈥淧rismaEngine::AssetBase::name鈥濈殑澹版槑
  
  (缂栬瘧婧愭枃浠垛€?./../../../src/engine/tilemap/renderer/TilemapRenderer.cpp鈥?
  
F:\repos\PrismaEngine\src\engine\tilemap\TilemapAsset.h(137,24): warning C4458: 鈥渘ame鈥濈殑澹版槑闅愯棌浜嗙被鎴愬憳 [F:\repos\PrismaEngine\build\editor-windows-x64-debug\src\engine\Engine.vcxproj]
  (缂栬瘧婧愭枃浠垛€?./../../../src/engine/tilemap/TilemapAsset.cpp鈥?
      F:\repos\PrismaEngine\src\engine\core\AssetBase.h(17,17):
      鍙傝鈥淧rismaEngine::AssetBase::name鈥濈殑澹版槑
  
F:\repos\PrismaEngine\src\engine\tilemap\TilemapAsset.h(150,24): warning C4458: 鈥渘ame鈥濈殑澹版槑闅愯棌浜嗙被鎴愬憳 [F:\repos\PrismaEngine\build\editor-windows-x64-debug\src\engine\Engine.vcxproj]
F:\repos\PrismaEngine\src\engine\resource\ArchiveJson.h(50,37): warning C4100: 'fieldCount': 鏈紩鐢ㄧ殑鍙傛暟 [F:\repos\PrismaEngine\build\editor-windows-x64-debug\src\engine\Engine.vcxproj]
  (缂栬瘧婧愭枃浠垛€?./../../../src/engine/tilemap/renderer/TilemapRenderer.cpp鈥?
  
  (缂栬瘧婧愭枃浠垛€?./../../../src/engine/tilemap/TilemapAsset.cpp鈥?
      F:\repos\PrismaEngine\src\engine\core\AssetBase.h(17,17):
      鍙傝鈥淧rismaEngine::AssetBase::name鈥濈殑澹版槑
  
F:\repos\PrismaEngine\src\engine\resource\ArchiveJson.h(168,48): warning C4100: 'key': 鏈紩鐢ㄧ殑鍙傛暟 [F:\repos\PrismaEngine\build\editor-windows-x64-debug\src\engine\Engine.vcxproj]
  (缂栬瘧婧愭枃浠垛€?./../../../src/engine/tilemap/renderer/TilemapRenderer.cpp鈥?
  
F:\repos\PrismaEngine\src\engine\resource\Asset.h(28,58): warning C4100: 'format': 鏈紩鐢ㄧ殑鍙傛暟 [F:\repos\PrismaEngine\build\editor-windows-x64-debug\src\engine\Engine.vcxproj]
  (缂栬瘧婧愭枃浠垛€?./../../../src/engine/resource/Asset.cpp鈥?
  
F:\repos\PrismaEngine\src\engine\resource\Asset.h(27,67): warning C4100: 'filePath': 鏈紩鐢ㄧ殑鍙傛暟 [F:\repos\PrismaEngine\build\editor-windows-x64-debug\src\engine\Engine.vcxproj]
  (缂栬瘧婧愭枃浠垛€?./../../../src/engine/resource/Asset.cpp鈥?
  
F:\repos\PrismaEngine\src\engine\resource\Asset.h(28,58): warning C4100: 'format': 鏈紩鐢ㄧ殑鍙傛暟 [F:\repos\PrismaEngine\build\editor-windows-x64-debug\src\engine\Engine.vcxproj]
  (缂栬瘧婧愭枃浠垛€?./../../../src/engine/tilemap/renderer/TilemapRenderer.cpp鈥?
  
F:\repos\PrismaEngine\src\engine\resource\Asset.h(27,67): warning C4100: 'filePath': 鏈紩鐢ㄧ殑鍙傛暟 [F:\repos\PrismaEngine\build\editor-windows-x64-debug\src\engine\Engine.vcxproj]
  (缂栬瘧婧愭枃浠垛€?./../../../src/engine/tilemap/renderer/TilemapRenderer.cpp鈥?
  
F:\repos\PrismaEngine\src\engine\resource\Asset.h(41,41): warning C4458: 鈥渘ame鈥濈殑澹版槑闅愯棌浜嗙被鎴愬憳 [F:\repos\PrismaEngine\build\editor-windows-x64-debug\src\engine\Engine.vcxproj]
  (缂栬瘧婧愭枃浠垛€?./../../../src/engine/tilemap/renderer/TilemapRenderer.cpp鈥?
      F:\repos\PrismaEngine\src\engine\core\AssetBase.h(17,17):
      鍙傝鈥淧rismaEngine::AssetBase::name鈥濈殑澹版槑
  
F:\repos\PrismaEngine\src\engine\tilemap\TilemapAsset.h(111,24): warning C4458: 鈥渘ame鈥濈殑澹版槑闅愯棌浜嗙被鎴愬憳 [F:\repos\PrismaEngine\build\editor-windows-x64-debug\src\engine\Engine.vcxproj]
  (缂栬瘧婧愭枃浠垛€?./../../../src/engine/tilemap/renderer/TilemapRenderer.cpp鈥?
      F:\repos\PrismaEngine\src\engine\core\AssetBase.h(17,17):
      鍙傝鈥淧rismaEngine::AssetBase::name鈥濈殑澹版槑
  
F:\repos\PrismaEngine\src\engine\tilemap\TilemapAsset.h(124,24): warning C4458: 鈥渘ame鈥濈殑澹版槑闅愯棌浜嗙被鎴愬憳 [F:\repos\PrismaEngine\build\editor-windows-x64-debug\src\engine\Engine.vcxproj]
  (缂栬瘧婧愭枃浠垛€?./../../../src/engine/tilemap/renderer/TilemapRenderer.cpp鈥?
      F:\repos\PrismaEngine\src\engine\core\AssetBase.h(17,17):
      鍙傝鈥淧rismaEngine::AssetBase::name鈥濈殑澹版槑
  
F:\repos\PrismaEngine\src\engine\tilemap\TilemapAsset.h(137,24): warning C4458: 鈥渘ame鈥濈殑澹版槑闅愯棌浜嗙被鎴愬憳 [F:\repos\PrismaEngine\build\editor-windows-x64-debug\src\engine\Engine.vcxproj]
  (缂栬瘧婧愭枃浠垛€?./../../../src/engine/tilemap/renderer/TilemapRenderer.cpp鈥?
      F:\repos\PrismaEngine\src\engine\core\AssetBase.h(17,17):
      鍙傝鈥淧rismaEngine::AssetBase::name鈥濈殑澹版槑
  
F:\repos\PrismaEngine\src\engine\tilemap\TilemapAsset.h(150,24): warning C4458: 鈥渘ame鈥濈殑澹版槑闅愯棌浜嗙被鎴愬憳 [F:\repos\PrismaEngine\build\editor-windows-x64-debug\src\engine\Engine.vcxproj]
  (缂栬瘧婧愭枃浠垛€?./../../../src/engine/tilemap/renderer/TilemapRenderer.cpp鈥?
      F:\repos\PrismaEngine\src\engine\core\AssetBase.h(17,17):
      鍙傝鈥淧rismaEngine::AssetBase::name鈥濈殑澹版槑
  
F:\repos\PrismaEngine\src\engine\Component.h(15,31): warning C4100: 'deltaTime': 鏈紩鐢ㄧ殑鍙傛暟 [F:\repos\PrismaEngine\build\editor-windows-x64-debug\src\engine\Engine.vcxproj]
  (缂栬瘧婧愭枃浠垛€?./../../../src/engine/tilemap/renderer/TilemapRenderer.cpp鈥?
  
F:\repos\PrismaEngine\src\engine\resource\Asset.h(41,41): warning C4458: 鈥渘ame鈥濈殑澹版槑闅愯棌浜嗙被鎴愬憳 [F:\repos\PrismaEngine\build\editor-windows-x64-debug\src\engine\Engine.vcxproj]
  (缂栬瘧婧愭枃浠垛€?./../../../src/engine/resource/Asset.cpp鈥?
      F:\repos\PrismaEngine\src\engine\core\AssetBase.h(17,17):
      鍙傝鈥淧rismaEngine::AssetBase::name鈥濈殑澹版槑
  
  (缂栬瘧婧愭枃浠垛€?./../../../src/engine/resource/TextureAsset.cpp鈥?
  
F:\repos\PrismaEngine\src\engine\resource\Asset.h(28,58): warning C4100: 'format': 鏈紩鐢ㄧ殑鍙傛暟 [F:\repos\PrismaEngine\build\editor-windows-x64-debug\src\engine\Engine.vcxproj]
  (缂栬瘧婧愭枃浠垛€?./../../../src/engine/resource/TextureAsset.cpp鈥?
  
F:\repos\PrismaEngine\src\engine\resource\Asset.h(27,67): warning C4100: 'filePath': 鏈紩鐢ㄧ殑鍙傛暟 [F:\repos\PrismaEngine\build\editor-windows-x64-debug\src\engine\Engine.vcxproj]
  (缂栬瘧婧愭枃浠垛€?./../../../src/engine/resource/TextureAsset.cpp鈥?
  
F:\repos\PrismaEngine\src\engine\resource\Asset.h(41,41): warning C4458: 鈥渘ame鈥濈殑澹版槑闅愯棌浜嗙被鎴愬憳 [F:\repos\PrismaEngine\build\editor-windows-x64-debug\src\engine\Engine.vcxproj]
  (缂栬瘧婧愭枃浠垛€?./../../../src/engine/resource/TextureAsset.cpp鈥?
      F:\repos\PrismaEngine\src\engine\core\AssetBase.h(17,17):
      鍙傝鈥淧rismaEngine::AssetBase::name鈥濈殑澹版槑
  
F:\repos\PrismaEngine\src\engine\resource\TextureAsset.cpp(161,43): warning C4458: 鈥渨idth鈥濈殑澹版槑闅愯棌浜嗙被鎴愬憳 [F:\repos\PrismaEngine\build\editor-windows-x64-debug\src\engine\Engine.vcxproj]
      F:\repos\PrismaEngine\src\engine\resource\TextureAsset.h(43,14):
      鍙傝鈥淧rismaEngine::TextureAsset::width鈥濈殑澹版槑
  
F:\repos\PrismaEngine\src\engine\resource\TextureAsset.cpp(161,59): warning C4458: 鈥渉eight鈥濈殑澹版槑闅愯棌浜嗙被鎴愬憳 [F:\repos\PrismaEngine\build\editor-windows-x64-debug\src\engine\Engine.vcxproj]
      F:\repos\PrismaEngine\src\engine\resource\TextureAsset.h(44,14):
      鍙傝鈥淧rismaEngine::TextureAsset::height鈥濈殑澹版槑
  
F:\repos\PrismaEngine\src\engine\resource\TextureAsset.cpp(161,76): warning C4458: 鈥渃hannels鈥濈殑澹版槑闅愯棌浜嗙被鎴愬憳 [F:\repos\PrismaEngine\build\editor-windows-x64-debug\src\engine\Engine.vcxproj]
      F:\repos\PrismaEngine\src\engine\resource\TextureAsset.h(45,14):
      鍙傝鈥淧rismaEngine::TextureAsset::channels鈥濈殑澹版槑
  
F:\repos\PrismaEngine\src\engine\graphic\pipelines\deferred\DeferredPipeline.cpp(115,76): warning C4100: 'enable': 鏈紩鐢ㄧ殑鍙傛暟 [F:\repos\PrismaEngine\build\editor-windows-x64-debug\src\engine\Engine.vcxproj]
F:\repos\PrismaEngine\src\engine\graphic\pipelines\deferred\DeferredPipeline.cpp(115,63): warning C4100: 'effect': 鏈紩鐢ㄧ殑鍙傛暟 [F:\repos\PrismaEngine\build\editor-windows-x64-debug\src\engine\Engine.vcxproj]
F:\repos\PrismaEngine\src\engine\graphic\pipelines\deferred\DeferredPipeline.cpp(121,69): warning C4100: 'effect': 鏈紩鐢ㄧ殑鍙傛暟 [F:\repos\PrismaEngine\build\editor-windows-x64-debug\src\engine\Engine.vcxproj]
F:\repos\PrismaEngine\src\engine\ISubSystem.h(11,31): warning C4100: 'deltaTime': 鏈紩鐢ㄧ殑鍙傛暟 [F:\repos\PrismaEngine\build\editor-windows-x64-debug\src\engine\Engine.vcxproj]
  (缂栬瘧婧愭枃浠垛€?./../../../src/engine/tilemap/renderer/TilemapRenderer.cpp鈥?
  
F:\repos\PrismaEngine\src\engine\tilemap\renderer\TilemapRenderer.cpp(124,54): warning C4100: 'gid': 鏈紩鐢ㄧ殑鍙傛暟 [F:\repos\PrismaEngine\build\editor-windows-x64-debug\src\engine\Engine.vcxproj]
F:\repos\PrismaEngine\src\engine\tilemap\renderer\TilemapRenderer.cpp(124,42): warning C4100: 'y': 鏈紩鐢ㄧ殑鍙傛暟 [F:\repos\PrismaEngine\build\editor-windows-x64-debug\src\engine\Engine.vcxproj]
F:\repos\PrismaEngine\src\engine\tilemap\renderer\TilemapRenderer.cpp(124,35): warning C4100: 'x': 鏈紩鐢ㄧ殑鍙傛暟 [F:\repos\PrismaEngine\build\editor-windows-x64-debug\src\engine\Engine.vcxproj]
F:\repos\PrismaEngine\src\engine\tilemap\renderer\TilemapRenderer.cpp(138,46): warning C4100: 'y': 鏈紩鐢ㄧ殑鍙傛暟 [F:\repos\PrismaEngine\build\editor-windows-x64-debug\src\engine\Engine.vcxproj]
F:\repos\PrismaEngine\src\engine\tilemap\renderer\TilemapRenderer.cpp(138,39): warning C4100: 'x': 鏈紩鐢ㄧ殑鍙傛暟 [F:\repos\PrismaEngine\build\editor-windows-x64-debug\src\engine\Engine.vcxproj]
F:\repos\PrismaEngine\src\engine\tilemap\renderer\TilemapRenderer.cpp(165,61): warning C4100: 'context': 鏈紩鐢ㄧ殑鍙傛暟 [F:\repos\PrismaEngine\build\editor-windows-x64-debug\src\engine\Engine.vcxproj]
F:\repos\PrismaEngine\src\engine\tilemap\renderer\TilemapRenderer.cpp(313,89): warning C4244: 鈥滃弬鏁扳€? 浠庘€渋nt鈥濊浆鎹㈠埌鈥渇loat鈥濓紝鍙兘涓㈠け鏁版嵁 [F:\repos\PrismaEngine\build\editor-windows-x64-debug\src\engine\Engine.vcxproj]
F:\repos\PrismaEngine\src\engine\tilemap\renderer\TilemapRenderer.cpp(314,102): warning C4244: 鈥滃弬鏁扳€? 浠庘€渋nt鈥濊浆鎹㈠埌鈥渇loat鈥濓紝鍙兘涓㈠け鏁版嵁 [F:\repos\PrismaEngine\build\editor-windows-x64-debug\src\engine\Engine.vcxproj]
F:\repos\PrismaEngine\src\engine\tilemap\renderer\TilemapRenderer.cpp(315,114): warning C4244: 鈥滃弬鏁扳€? 浠庘€渋nt鈥濊浆鎹㈠埌鈥渇loat鈥濓紝鍙兘涓㈠け鏁版嵁 [F:\repos\PrismaEngine\build\editor-windows-x64-debug\src\engine\Engine.vcxproj]
F:\repos\PrismaEngine\src\engine\tilemap\renderer\TilemapRenderer.cpp(316,101): warning C4244: 鈥滃弬鏁扳€? 浠庘€渋nt鈥濊浆鎹㈠埌鈥渇loat鈥濓紝鍙兘涓㈠け鏁版嵁 [F:\repos\PrismaEngine\build\editor-windows-x64-debug\src\engine\Engine.vcxproj]
F:\repos\PrismaEngine\src\engine\tilemap\renderer\TilemapRenderer.cpp(318,89): warning C4244: 鈥滃弬鏁扳€? 浠庘€渋nt鈥濊浆鎹㈠埌鈥渇loat鈥濓紝鍙兘涓㈠け鏁版嵁 [F:\repos\PrismaEngine\build\editor-windows-x64-debug\src\engine\Engine.vcxproj]
F:\repos\PrismaEngine\src\engine\tilemap\renderer\TilemapRenderer.cpp(319,102): warning C4244: 鈥滃弬鏁扳€? 浠庘€渋nt鈥濊浆鎹㈠埌鈥渇loat鈥濓紝鍙兘涓㈠け鏁版嵁 [F:\repos\PrismaEngine\build\editor-windows-x64-debug\src\engine\Engine.vcxproj]
F:\repos\PrismaEngine\src\engine\tilemap\renderer\TilemapRenderer.cpp(320,114): warning C4244: 鈥滃弬鏁扳€? 浠庘€渋nt鈥濊浆鎹㈠埌鈥渇loat鈥濓紝鍙兘涓㈠け鏁版嵁 [F:\repos\PrismaEngine\build\editor-windows-x64-debug\src\engine\Engine.vcxproj]
F:\repos\PrismaEngine\src\engine\tilemap\renderer\TilemapRenderer.cpp(321,101): warning C4244: 鈥滃弬鏁扳€? 浠庘€渋nt鈥濊浆鎹㈠埌鈥渇loat鈥濓紝鍙兘涓㈠け鏁版嵁 [F:\repos\PrismaEngine\build\editor-windows-x64-debug\src\engine\Engine.vcxproj]
F:\repos\PrismaEngine\src\engine\tilemap\renderer\TilemapRenderer.cpp(422,93): warning C4244: 鈥滃弬鏁扳€? 浠庘€渋nt鈥濊浆鎹㈠埌鈥渇loat鈥濓紝鍙兘涓㈠け鏁版嵁 [F:\repos\PrismaEngine\build\editor-windows-x64-debug\src\engine\Engine.vcxproj]
F:\repos\PrismaEngine\src\engine\tilemap\renderer\TilemapRenderer.cpp(423,106): warning C4244: 鈥滃弬鏁扳€? 浠庘€渋nt鈥濊浆鎹㈠埌鈥渇loat鈥濓紝鍙兘涓㈠け鏁版嵁 [F:\repos\PrismaEngine\build\editor-windows-x64-debug\src\engine\Engine.vcxproj]
F:\repos\PrismaEngine\src\engine\tilemap\renderer\TilemapRenderer.cpp(424,118): warning C4244: 鈥滃弬鏁扳€? 浠庘€渋nt鈥濊浆鎹㈠埌鈥渇loat鈥濓紝鍙兘涓㈠け鏁版嵁 [F:\repos\PrismaEngine\build\editor-windows-x64-debug\src\engine\Engine.vcxproj]
F:\repos\PrismaEngine\src\engine\tilemap\renderer\TilemapRenderer.cpp(425,105): warning C4244: 鈥滃弬鏁扳€? 浠庘€渋nt鈥濊浆鎹㈠埌鈥渇loat鈥濓紝鍙兘涓㈠け鏁版嵁 [F:\repos\PrismaEngine\build\editor-windows-x64-debug\src\engine\Engine.vcxproj]
F:\repos\PrismaEngine\src\engine\tilemap\renderer\TilemapRenderer.cpp(427,93): warning C4244: 鈥滃弬鏁扳€? 浠庘€渋nt鈥濊浆鎹㈠埌鈥渇loat鈥濓紝鍙兘涓㈠け鏁版嵁 [F:\repos\PrismaEngine\build\editor-windows-x64-debug\src\engine\Engine.vcxproj]
F:\repos\PrismaEngine\src\engine\tilemap\renderer\TilemapRenderer.cpp(428,106): warning C4244: 鈥滃弬鏁扳€? 浠庘€渋nt鈥濊浆鎹㈠埌鈥渇loat鈥濓紝鍙兘涓㈠け鏁版嵁 [F:\repos\PrismaEngine\build\editor-windows-x64-debug\src\engine\Engine.vcxproj]
F:\repos\PrismaEngine\src\engine\tilemap\renderer\TilemapRenderer.cpp(429,118): warning C4244: 鈥滃弬鏁扳€? 浠庘€渋nt鈥濊浆鎹㈠埌鈥渇loat鈥濓紝鍙兘涓㈠け鏁版嵁 [F:\repos\PrismaEngine\build\editor-windows-x64-debug\src\engine\Engine.vcxproj]
F:\repos\PrismaEngine\src\engine\tilemap\renderer\TilemapRenderer.cpp(430,105): warning C4244: 鈥滃弬鏁扳€? 浠庘€渋nt鈥濊浆鎹㈠埌鈥渇loat鈥濓紝鍙兘涓㈠け鏁版嵁 [F:\repos\PrismaEngine\build\editor-windows-x64-debug\src\engine\Engine.vcxproj]
  UIPass.cpp
  Material.cpp
F:\repos\PrismaEngine\src\engine\graphic\LogicalPass.h(29,23): warning C4100: 'deltaTime': 鏈紩鐢ㄧ殑鍙傛暟 [F:\repos\PrismaEngine\build\editor-windows-x64-debug\src\engine\Engine.vcxproj]
  (缂栬瘧婧愭枃浠垛€?./../../../src/engine/graphic/ui/UIPass.cpp鈥?
  
F:\repos\PrismaEngine\src\engine\Component.h(15,31): warning C4100: 'deltaTime': 鏈紩鐢ㄧ殑鍙傛暟 [F:\repos\PrismaEngine\build\editor-windows-x64-debug\src\engine\Engine.vcxproj]
  (缂栬瘧婧愭枃浠垛€?./../../../src/engine/graphic/ui/UIPass.cpp鈥?
  
  IPipelineState.cpp
  GeometryRenderPass.cpp
  RenderTypes.cpp
  RenderComponent.cpp
  DX12Texture.cpp
  UpscalerManager.cpp
  LogicalPipeline.cpp
  SkyboxRenderPass.cpp
  UpscalerPass.cpp
  RenderPass.cpp
  DX12CommandBuffer.cpp
  MotionVectorPass.cpp
  stb_impl.cpp
  RenderCommandContext.cpp
  DX12RenderDevice.cpp
  VoxelRenderer.cpp
  MeshRenderer.cpp
  DX12Adapters.cpp
  Mesh.cpp
  LogicalPass.cpp
  RenderSystemNew.cpp
  TextureAtlas.cpp
  Shader.cpp
  DX12SwapChain.cpp
  DX12Shader.cpp
  DX12Fence.cpp
  DX12Buffer.cpp
F:\repos\PrismaEngine\src\engine\core\AssetBase.h(28,37): warning C4458: 鈥渘ame鈥濈殑澹版槑闅愯棌浜嗙被鎴愬憳 [F:\repos\PrismaEngine\build\editor-windows-x64-debug\src\engine\Engine.vcxproj]
  (缂栬瘧婧愭枃浠垛€?./../../../src/engine/graphic/ui/UIPass.cpp鈥?
      F:\repos\PrismaEngine\src\engine\core\AssetBase.h(17,17):
      鍙傝鈥淧rismaEngine::AssetBase::name鈥濈殑澹版槑
  
F:\repos\PrismaEngine\src\engine\ISubSystem.h(11,31): warning C4100: 'deltaTime': 鏈紩鐢ㄧ殑鍙傛暟 [F:\repos\PrismaEngine\build\editor-windows-x64-debug\src\engine\Engine.vcxproj]
  (缂栬瘧婧愭枃浠垛€?./../../../src/engine/graphic/RenderSystemNew.cpp鈥?
  
  DX12PipelineState.cpp
F:\repos\PrismaEngine\src\engine\Component.h(15,31): warning C4100: 'deltaTime': 鏈紩鐢ㄧ殑鍙傛暟 [F:\repos\PrismaEngine\build\editor-windows-x64-debug\src\engine\Engine.vcxproj]
  DX12ResourceFactory.cpp
  (缂栬瘧婧愭枃浠垛€?./../../../src/engine/graphic/RenderComponent.cpp鈥?
  
  DX12Sampler.cpp
F:\repos\PrismaEngine\src\engine\Component.h(15,31): warning C4100: 'deltaTime': 鏈紩鐢ㄧ殑鍙傛暟 [F:\repos\PrismaEngine\build\editor-windows-x64-debug\src\engine\Engine.vcxproj]
F:\repos\PrismaEngine\src\engine\graphic\LogicalPass.h(29,23): warning C4100: 'deltaTime': 鏈紩鐢ㄧ殑鍙傛暟 [F:\repos\PrismaEngine\build\editor-windows-x64-debug\src\engine\Engine.vcxproj]
  (缂栬瘧婧愭枃浠垛€?./../../../src/engine/graphic/VoxelRenderer.cpp鈥?
  
F:\repos\PrismaEngine\src\engine\graphic\RenderCommandContext.cpp(61,102): warning C4100: 'stride': 鏈紩鐢ㄧ殑鍙傛暟 [F:\repos\PrismaEngine\build\editor-windows-x64-debug\src\engine\Engine.vcxproj]
F:\repos\PrismaEngine\src\engine\graphic\RenderCommandContext.cpp(61,85): warning C4100: 'offset': 鏈紩鐢ㄧ殑鍙傛暟 [F:\repos\PrismaEngine\build\editor-windows-x64-debug\src\engine\Engine.vcxproj]
F:\repos\PrismaEngine\src\engine\graphic\RenderCommandContext.cpp(67,82): warning C4100: 'is32Bit': 鏈紩鐢ㄧ殑鍙傛暟 [F:\repos\PrismaEngine\build\editor-windows-x64-debug\src\engine\Engine.vcxproj]
F:\repos\PrismaEngine\src\engine\graphic\RenderCommandContext.cpp(67,69): warning C4100: 'offset': 鏈紩鐢ㄧ殑鍙傛暟 [F:\repos\PrismaEngine\build\editor-windows-x64-debug\src\engine\Engine.vcxproj]
F:\repos\PrismaEngine\src\engine\graphic\upscaler\UpscalerPass.cpp(37,51): warning C4100: 'depthStencil': 鏈紩鐢ㄧ殑鍙傛暟 [F:\repos\PrismaEngine\build\editor-windows-x64-debug\src\engine\Engine.vcxproj]
F:\repos\PrismaEngine\src\engine\graphic\upscaler\UpscalerPass.cpp(65,33): warning C4100: 'deltaTime': 鏈紩鐢ㄧ殑鍙傛暟 [F:\repos\PrismaEngine\build\editor-windows-x64-debug\src\engine\Engine.vcxproj]
F:\repos\PrismaEngine\src\engine\graphic\upscaler\UpscalerPass.cpp(108,10): warning C4189: 鈥渟uccess鈥? 灞€閮ㄥ彉閲忓凡鍒濆鍖栦絾涓嶅紩鐢?[F:\repos\PrismaEngine\build\editor-windows-x64-debug\src\engine\Engine.vcxproj]
F:\repos\PrismaEngine\src\engine\core\AssetBase.h(28,37): warning C4458: 鈥渘ame鈥濈殑澹版槑闅愯棌浜嗙被鎴愬憳 [F:\repos\PrismaEngine\build\editor-windows-x64-debug\src\engine\Engine.vcxproj]
  (缂栬瘧婧愭枃浠垛€?./../../../src/engine/graphic/Material.cpp鈥?
      F:\repos\PrismaEngine\src\engine\core\AssetBase.h(17,17):
      鍙傝鈥淧rismaEngine::AssetBase::name鈥濈殑澹版槑
  
F:\repos\PrismaEngine\src\engine\graphic\LogicalPass.h(29,23): warning C4100: 'deltaTime': 鏈紩鐢ㄧ殑鍙傛暟 [F:\repos\PrismaEngine\build\editor-windows-x64-debug\src\engine\Engine.vcxproj]
  (缂栬瘧婧愭枃浠垛€?./../../../src/engine/graphic/RenderSystemNew.cpp鈥?
  
F:\repos\PrismaEngine\src\engine\graphic\upscaler\UpscalerManager.cpp(136,63): warning C4100: 'device': 鏈紩鐢ㄧ殑鍙傛暟 [F:\repos\PrismaEngine\build\editor-windows-x64-debug\src\engine\Engine.vcxproj]
F:\repos\PrismaEngine\src\engine\graphic\LogicalPass.h(29,23): warning C4100: 'deltaTime': 鏈紩鐢ㄧ殑鍙傛暟 [F:\repos\PrismaEngine\build\editor-windows-x64-debug\src\engine\Engine.vcxproj]
  (缂栬瘧婧愭枃浠垛€?./../../../src/engine/graphic/pipelines/SkyboxRenderPass.cpp鈥?
  
  (缂栬瘧婧愭枃浠垛€?./../../../src/engine/graphic/LogicalPipeline.cpp鈥?
  
F:\repos\PrismaEngine\src\engine\core\AssetBase.h(28,37): warning C4458: 鈥渘ame鈥濈殑澹版槑闅愯棌浜嗙被鎴愬憳 [F:\repos\PrismaEngine\build\editor-windows-x64-debug\src\engine\Engine.vcxproj]
  (缂栬瘧婧愭枃浠垛€?./../../../src/engine/graphic/MeshRenderer.cpp鈥?
      F:\repos\PrismaEngine\src\engine\core\AssetBase.h(17,17):
      鍙傝鈥淧rismaEngine::AssetBase::name鈥濈殑澹版槑
  
F:\repos\PrismaEngine\src\engine\graphic\LogicalPass.h(29,23): warning C4100: 'deltaTime': 鏈紩鐢ㄧ殑鍙傛暟 [F:\repos\PrismaEngine\build\editor-windows-x64-debug\src\engine\Engine.vcxproj]
F:\repos\PrismaEngine\src\engine\graphic\upscaler\MotionVectorPass.cpp(47,37): warning C4100: 'deltaTime': 鏈紩鐢ㄧ殑鍙傛暟 [F:\repos\PrismaEngine\build\editor-windows-x64-debug\src\engine\Engine.vcxproj]
  (缂栬瘧婧愭枃浠垛€?./../../../src/engine/graphic/LogicalPass.cpp鈥?
  
F:\repos\PrismaEngine\src\engine\ISubSystem.h(11,31): warning C4100: 'deltaTime': 鏈紩鐢ㄧ殑鍙傛暟 [F:\repos\PrismaEngine\build\editor-windows-x64-debug\src\engine\Engine.vcxproj]
F:\repos\PrismaEngine\src\engine\Component.h(15,31): warning C4100: 'deltaTime': 鏈紩鐢ㄧ殑鍙傛暟 [F:\repos\PrismaEngine\build\editor-windows-x64-debug\src\engine\Engine.vcxproj]
  (缂栬瘧婧愭枃浠垛€?./../../../src/engine/graphic/RenderSystemNew.cpp鈥?
  
  (缂栬瘧婧愭枃浠垛€?./../../../src/engine/graphic/Shader.cpp鈥?
  
F:\repos\PrismaEngine\src\engine\core\AssetBase.h(28,37): warning C4458: 鈥渘ame鈥濈殑澹版槑闅愯棌浜嗙被鎴愬憳 [F:\repos\PrismaEngine\build\editor-windows-x64-debug\src\engine\Engine.vcxproj]
  (缂栬瘧婧愭枃浠垛€?./../../../src/engine/graphic/Mesh.cpp鈥?
      F:\repos\PrismaEngine\src\engine\core\AssetBase.h(17,17):
      鍙傝鈥淧rismaEngine::AssetBase::name鈥濈殑澹版槑
  
F:\repos\PrismaEngine\src\engine\core\AssetBase.h(28,37): warning C4458: 鈥渘ame鈥濈殑澹版槑闅愯棌浜嗙被鎴愬憳 [F:\repos\PrismaEngine\build\editor-windows-x64-debug\src\engine\Engine.vcxproj]
  (缂栬瘧婧愭枃浠垛€?./../../../src/engine/graphic/Shader.cpp鈥?
      F:\repos\PrismaEngine\src\engine\core\AssetBase.h(17,17):
      鍙傝鈥淧rismaEngine::AssetBase::name鈥濈殑澹版槑
  
F:\repos\PrismaEngine\src\engine\core\AssetBase.h(28,37): warning C4458: 鈥渘ame鈥濈殑澹版槑闅愯棌浜嗙被鎴愬憳 [F:\repos\PrismaEngine\build\editor-windows-x64-debug\src\engine\Engine.vcxproj]
  (缂栬瘧婧愭枃浠垛€?./../../../src/engine/graphic/GeometryRenderPass.cpp鈥?
      F:\repos\PrismaEngine\src\engine\core\AssetBase.h(17,17):
      鍙傝鈥淧rismaEngine::AssetBase::name鈥濈殑澹版槑
  
F:\repos\PrismaEngine\src\engine\ISubSystem.h(11,31): warning C4100: 'deltaTime': 鏈紩鐢ㄧ殑鍙傛暟 [F:\repos\PrismaEngine\build\editor-windows-x64-debug\src\engine\Engine.vcxproj]
  (缂栬瘧婧愭枃浠垛€?./../../../src/engine/graphic/Material.cpp鈥?
  
F:\repos\PrismaEngine\src\engine\core\AssetBase.h(28,37): warning C4458: 鈥渘ame鈥濈殑澹版槑闅愯棌浜嗙被鎴愬憳 [F:\repos\PrismaEngine\build\editor-windows-x64-debug\src\engine\Engine.vcxproj]
  (缂栬瘧婧愭枃浠垛€?./../../../src/engine/graphic/TextureAtlas.cpp鈥?
      F:\repos\PrismaEngine\src\engine\core\AssetBase.h(17,17):
      鍙傝鈥淧rismaEngine::AssetBase::name鈥濈殑澹版槑
  
F:\repos\PrismaEngine\src\engine\core\AssetBase.h(28,37): warning C4458: 鈥渘ame鈥濈殑澹版槑闅愯棌浜嗙被鎴愬憳 [F:\repos\PrismaEngine\build\editor-windows-x64-debug\src\engine\Engine.vcxproj]
  (缂栬瘧婧愭枃浠垛€?./../../../src/engine/graphic/RenderPass.cpp鈥?
      F:\repos\PrismaEngine\src\engine\core\AssetBase.h(17,17):
      鍙傝鈥淧rismaEngine::AssetBase::name鈥濈殑澹版槑
  
F:\repos\PrismaEngine\src\engine\core\AssetBase.h(28,37): warning C4458: 鈥渘ame鈥濈殑澹版槑闅愯棌浜嗙被鎴愬憳 [F:\repos\PrismaEngine\build\editor-windows-x64-debug\src\engine\Engine.vcxproj]
  (缂栬瘧婧愭枃浠垛€?./../../../src/engine/graphic/pipelines/SkyboxRenderPass.cpp鈥?
      F:\repos\PrismaEngine\src\engine\core\AssetBase.h(17,17):
      鍙傝鈥淧rismaEngine::AssetBase::name鈥濈殑澹版槑
  
F:\repos\PrismaEngine\src\engine\core\AssetBase.h(28,37): warning C4458: 鈥渘ame鈥濈殑澹版槑闅愯棌浜嗙被鎴愬憳 [F:\repos\PrismaEngine\build\editor-windows-x64-debug\src\engine\Engine.vcxproj]
  (缂栬瘧婧愭枃浠垛€?./../../../src/engine/graphic/RenderComponent.cpp鈥?
      F:\repos\PrismaEngine\src\engine\core\AssetBase.h(17,17):
      鍙傝鈥淧rismaEngine::AssetBase::name鈥濈殑澹版槑
  
F:\repos\PrismaEngine\src\engine\graphic\adapters\dx12\DX12RenderDevice.cpp(579,89): warning C4100: 'type': 鏈紩鐢ㄧ殑鍙傛暟 [F:\repos\PrismaEngine\build\editor-windows-x64-debug\src\engine\Engine.vcxproj]
F:\repos\PrismaEngine\src\engine\graphic\adapters\dx12\DX12RenderDevice.cpp(584,79): warning C4100: 'fence': 鏈紩鐢ㄧ殑鍙傛暟 [F:\repos\PrismaEngine\build\editor-windows-x64-debug\src\engine\Engine.vcxproj]
F:\repos\PrismaEngine\src\engine\graphic\adapters\dx12\DX12RenderDevice.cpp(584,60): warning C4100: 'cmdBuffer': 鏈紩鐢ㄧ殑鍙傛暟 [F:\repos\PrismaEngine\build\editor-windows-x64-debug\src\engine\Engine.vcxproj]
F:\repos\PrismaEngine\src\engine\graphic\adapters\dx12\DX12RenderDevice.cpp(589,73): warning C4100: 'fences': 鏈紩鐢ㄧ殑鍙傛暟 [F:\repos\PrismaEngine\build\editor-windows-x64-debug\src\engine\Engine.vcxproj]
F:\repos\PrismaEngine\src\engine\graphic\adapters\dx12\DX12RenderDevice.cpp(588,81): warning C4100: 'cmdBuffers': 鏈紩鐢ㄧ殑鍙傛暟 [F:\repos\PrismaEngine\build\editor-windows-x64-debug\src\engine\Engine.vcxproj]
F:\repos\PrismaEngine\src\engine\graphic\adapters\dx12\DX12RenderDevice.cpp(598,45): warning C4100: 'fence': 鏈紩鐢ㄧ殑鍙傛暟 [F:\repos\PrismaEngine\build\editor-windows-x64-debug\src\engine\Engine.vcxproj]
F:\repos\PrismaEngine\src\engine\graphic\adapters\dx12\DX12RenderDevice.cpp(607,93): warning C4100: 'vsync': 鏈紩鐢ㄧ殑鍙傛暟 [F:\repos\PrismaEngine\build\editor-windows-x64-debug\src\engine\Engine.vcxproj]
F:\repos\PrismaEngine\src\engine\graphic\adapters\dx12\DX12RenderDevice.cpp(607,80): warning C4100: 'height': 鏈紩鐢ㄧ殑鍙傛暟 [F:\repos\PrismaEngine\build\editor-windows-x64-debug\src\engine\Engine.vcxproj]
F:\repos\PrismaEngine\src\engine\graphic\adapters\dx12\DX12RenderDevice.cpp(607,64): warning C4100: 'width': 鏈紩鐢ㄧ殑鍙傛暟 [F:\repos\PrismaEngine\build\editor-windows-x64-debug\src\engine\Engine.vcxproj]
F:\repos\PrismaEngine\src\engine\graphic\adapters\dx12\DX12RenderDevice.cpp(607,41): warning C4100: 'windowHandle': 鏈紩鐢ㄧ殑鍙傛暟 [F:\repos\PrismaEngine\build\editor-windows-x64-debug\src\engine\Engine.vcxproj]
F:\repos\PrismaEngine\src\engine\graphic\adapters\dx12\DX12RenderDevice.cpp(728,60): warning C4100: 'name': 鏈紩鐢ㄧ殑鍙傛暟 [F:\repos\PrismaEngine\build\editor-windows-x64-debug\src\engine\Engine.vcxproj]
F:\repos\PrismaEngine\src\engine\graphic\adapters\dx12\DX12RenderDevice.cpp(736,58): warning C4100: 'name': 鏈紩鐢ㄧ殑鍙傛暟 [F:\repos\PrismaEngine\build\editor-windows-x64-debug\src\engine\Engine.vcxproj]
F:\repos\PrismaEngine\src\engine\graphic\RenderComponent.cpp(156,37): warning C4101: 鈥渃olor鈥? 鏈紩鐢ㄧ殑灞€閮ㄥ彉閲?[F:\repos\PrismaEngine\build\editor-windows-x64-debug\src\engine\Engine.vcxproj]
F:\repos\PrismaEngine\src\engine\graphic\RenderComponent.cpp(167,44): warning C4100: 'deltaTime': 鏈紩鐢ㄧ殑鍙傛暟 [F:\repos\PrismaEngine\build\editor-windows-x64-debug\src\engine\Engine.vcxproj]
F:\repos\PrismaEngine\src\engine\graphic\adapters\dx12\DX12CommandBuffer.cpp(249,101): warning C4100: 'size': 鏈紩鐢ㄧ殑鍙傛暟 [F:\repos\PrismaEngine\build\editor-windows-x64-debug\src\engine\Engine.vcxproj]
F:\repos\PrismaEngine\src\engine\graphic\adapters\dx12\DX12CommandBuffer.cpp(490,65): warning C4100: 'arraySlice': 鏈紩鐢ㄧ殑鍙傛暟 [F:\repos\PrismaEngine\build\editor-windows-x64-debug\src\engine\Engine.vcxproj]
F:\repos\PrismaEngine\src\engine\graphic\adapters\dx12\DX12CommandBuffer.cpp(490,46): warning C4100: 'mipLevel': 鏈紩鐢ㄧ殑鍙傛暟 [F:\repos\PrismaEngine\build\editor-windows-x64-debug\src\engine\Engine.vcxproj]
F:\repos\PrismaEngine\src\engine\graphic\adapters\dx12\DX12CommandBuffer.cpp(489,85): warning C4100: 'dataSize': 鏈紩鐢ㄧ殑鍙傛暟 [F:\repos\PrismaEngine\build\editor-windows-x64-debug\src\engine\Engine.vcxproj]
F:\repos\PrismaEngine\src\engine\graphic\adapters\dx12\DX12CommandBuffer.cpp(494,18): warning C4189: 鈥渄x12Texture鈥? 灞€閮ㄥ彉閲忓凡鍒濆鍖栦絾涓嶅紩鐢?[F:\repos\PrismaEngine\build\editor-windows-x64-debug\src\engine\Engine.vcxproj]
F:\repos\PrismaEngine\src\engine\graphic\adapters\dx12\DX12CommandBuffer.cpp(518,71): warning C4100: 'queryIndex': 鏈紩鐢ㄧ殑鍙傛暟 [F:\repos\PrismaEngine\build\editor-windows-x64-debug\src\engine\Engine.vcxproj]
F:\repos\PrismaEngine\src\engine\graphic\adapters\dx12\DX12CommandBuffer.cpp(518,51): warning C4100: 'queryPool': 鏈紩鐢ㄧ殑鍙傛暟 [F:\repos\PrismaEngine\build\editor-windows-x64-debug\src\engine\Engine.vcxproj]
F:\repos\PrismaEngine\src\engine\graphic\adapters\dx12\DX12CommandBuffer.cpp(523,69): warning C4100: 'queryIndex': 鏈紩鐢ㄧ殑鍙傛暟 [F:\repos\PrismaEngine\build\editor-windows-x64-debug\src\engine\Engine.vcxproj]
F:\repos\PrismaEngine\src\engine\graphic\adapters\dx12\DX12CommandBuffer.cpp(523,49): warning C4100: 'queryPool': 鏈紩鐢ㄧ殑鍙傛暟 [F:\repos\PrismaEngine\build\editor-windows-x64-debug\src\engine\Engine.vcxproj]
F:\repos\PrismaEngine\src\engine\graphic\adapters\dx12\DX12CommandBuffer.cpp(529,71): warning C4100: 'queryCount': 鏈紩鐢ㄧ殑鍙傛暟 [F:\repos\PrismaEngine\build\editor-windows-x64-debug\src\engine\Engine.vcxproj]
F:\repos\PrismaEngine\src\engine\graphic\adapters\dx12\DX12CommandBuffer.cpp(529,50): warning C4100: 'startQuery': 鏈紩鐢ㄧ殑鍙傛暟 [F:\repos\PrismaEngine\build\editor-windows-x64-debug\src\engine\Engine.vcxproj]
F:\repos\PrismaEngine\src\engine\graphic\adapters\dx12\DX12CommandBuffer.cpp(528,68): warning C4100: 'queryPool': 鏈紩鐢ㄧ殑鍙傛暟 [F:\repos\PrismaEngine\build\editor-windows-x64-debug\src\engine\Engine.vcxproj]
F:\repos\PrismaEngine\src\engine\graphic\adapters\dx12\DX12CommandBuffer.cpp(528,51): warning C4100: 'dstBuffer': 鏈紩鐢ㄧ殑鍙傛暟 [F:\repos\PrismaEngine\build\editor-windows-x64-debug\src\engine\Engine.vcxproj]
F:\repos\PrismaEngine\src\engine\graphic\adapters\dx12\DX12Texture.cpp(22,14): warning C4457: 鈥渄esc鈥濈殑澹版槑闅愯棌浜嗗嚱鏁板弬鏁?[F:\repos\PrismaEngine\build\editor-windows-x64-debug\src\engine\Engine.vcxproj]
      F:\repos\PrismaEngine\src\engine\graphic\adapters\dx12\DX12Texture.cpp(14,45):
      鍙傝鈥渄esc鈥濈殑澹版槑
  
F:\repos\PrismaEngine\src\engine\graphic\adapters\dx12\DX12Texture.cpp(220,70): warning C4100: 'depth': 鏈紩鐢ㄧ殑鍙傛暟 [F:\repos\PrismaEngine\build\editor-windows-x64-debug\src\engine\Engine.vcxproj]
F:\repos\PrismaEngine\src\engine\graphic\adapters\dx12\DX12Texture.cpp(220,53): warning C4100: 'height': 鏈紩鐢ㄧ殑鍙傛暟 [F:\repos\PrismaEngine\build\editor-windows-x64-debug\src\engine\Engine.vcxproj]
F:\repos\PrismaEngine\src\engine\graphic\adapters\dx12\DX12Texture.cpp(220,37): warning C4100: 'width': 鏈紩鐢ㄧ殑鍙傛暟 [F:\repos\PrismaEngine\build\editor-windows-x64-debug\src\engine\Engine.vcxproj]
F:\repos\PrismaEngine\src\engine\graphic\adapters\dx12\DX12Texture.cpp(219,66): warning C4100: 'front': 鏈紩鐢ㄧ殑鍙傛暟 [F:\repos\PrismaEngine\build\editor-windows-x64-debug\src\engine\Engine.vcxproj]
F:\repos\PrismaEngine\src\engine\graphic\adapters\dx12\DX12Texture.cpp(219,52): warning C4100: 'top': 鏈紩鐢ㄧ殑鍙傛暟 [F:\repos\PrismaEngine\build\editor-windows-x64-debug\src\engine\Engine.vcxproj]
F:\repos\PrismaEngine\src\engine\graphic\adapters\dx12\DX12Texture.cpp(219,37): warning C4100: 'left': 鏈紩鐢ㄧ殑鍙傛暟 [F:\repos\PrismaEngine\build\editor-windows-x64-debug\src\engine\Engine.vcxproj]
F:\repos\PrismaEngine\src\engine\graphic\adapters\dx12\DX12Texture.cpp(218,56): warning C4100: 'arraySlice': 鏈紩鐢ㄧ殑鍙傛暟 [F:\repos\PrismaEngine\build\editor-windows-x64-debug\src\engine\Engine.vcxproj]
F:\repos\PrismaEngine\src\engine\graphic\adapters\dx12\DX12Texture.cpp(218,37): warning C4100: 'mipLevel': 鏈紩鐢ㄧ殑鍙傛暟 [F:\repos\PrismaEngine\build\editor-windows-x64-debug\src\engine\Engine.vcxproj]
F:\repos\PrismaEngine\src\engine\graphic\adapters\dx12\DX12Texture.cpp(217,57): warning C4100: 'dataSize': 鏈紩鐢ㄧ殑鍙傛暟 [F:\repos\PrismaEngine\build\editor-windows-x64-debug\src\engine\Engine.vcxproj]
F:\repos\PrismaEngine\src\engine\graphic\adapters\dx12\DX12Texture.cpp(217,42): warning C4100: 'data': 鏈紩鐢ㄧ殑鍙傛暟 [F:\repos\PrismaEngine\build\editor-windows-x64-debug\src\engine\Engine.vcxproj]
F:\repos\PrismaEngine\src\engine\graphic\adapters\dx12\DX12Texture.cpp(234,57): warning C4100: 'dstArraySlice': 鏈紩鐢ㄧ殑鍙傛暟 [F:\repos\PrismaEngine\build\editor-windows-x64-debug\src\engine\Engine.vcxproj]
F:\repos\PrismaEngine\src\engine\graphic\adapters\dx12\DX12Texture.cpp(234,35): warning C4100: 'dstMipLevel': 鏈紩鐢ㄧ殑鍙傛暟 [F:\repos\PrismaEngine\build\editor-windows-x64-debug\src\engine\Engine.vcxproj]
F:\repos\PrismaEngine\src\engine\graphic\adapters\dx12\DX12Texture.cpp(233,57): warning C4100: 'srcArraySlice': 鏈紩鐢ㄧ殑鍙傛暟 [F:\repos\PrismaEngine\build\editor-windows-x64-debug\src\engine\Engine.vcxproj]
F:\repos\PrismaEngine\src\engine\graphic\adapters\dx12\DX12Texture.cpp(233,35): warning C4100: 'srcMipLevel': 鏈紩鐢ㄧ殑鍙傛暟 [F:\repos\PrismaEngine\build\editor-windows-x64-debug\src\engine\Engine.vcxproj]
F:\repos\PrismaEngine\src\engine\graphic\adapters\dx12\DX12Texture.cpp(266,47): warning C4100: 'arraySize': 鏈紩鐢ㄧ殑鍙傛暟 [F:\repos\PrismaEngine\build\editor-windows-x64-debug\src\engine\Engine.vcxproj]
F:\repos\PrismaEngine\src\engine\graphic\adapters\dx12\DX12Texture.cpp(265,47): warning C4100: 'mipLevel': 鏈紩鐢ㄧ殑鍙傛暟 [F:\repos\PrismaEngine\build\editor-windows-x64-debug\src\engine\Engine.vcxproj]
F:\repos\PrismaEngine\src\engine\graphic\adapters\dx12\DX12Texture.cpp(264,52): warning C4100: 'format': 鏈紩鐢ㄧ殑鍙傛暟 [F:\repos\PrismaEngine\build\editor-windows-x64-debug\src\engine\Engine.vcxproj]
F:\repos\PrismaEngine\src\engine\graphic\adapters\dx12\DX12Texture.cpp(263,62): warning C4100: 'descType': 鏈紩鐢ㄧ殑鍙傛暟 [F:\repos\PrismaEngine\build\editor-windows-x64-debug\src\engine\Engine.vcxproj]
F:\repos\PrismaEngine\src\engine\graphic\adapters\dx12\DX12Texture.cpp(292,73): warning C4100: 'arraySlice': 鏈紩鐢ㄧ殑鍙傛暟 [F:\repos\PrismaEngine\build\editor-windows-x64-debug\src\engine\Engine.vcxproj]
F:\repos\PrismaEngine\src\engine\graphic\adapters\dx12\DX12Texture.cpp(292,54): warning C4100: 'mipLevel': 鏈紩鐢ㄧ殑鍙傛暟 [F:\repos\PrismaEngine\build\editor-windows-x64-debug\src\engine\Engine.vcxproj]
F:\repos\PrismaEngine\src\engine\graphic\adapters\dx12\DX12Texture.cpp(292,38): warning C4100: 'color': 鏈紩鐢ㄧ殑鍙傛暟 [F:\repos\PrismaEngine\build\editor-windows-x64-debug\src\engine\Engine.vcxproj]
F:\repos\PrismaEngine\src\engine\graphic\adapters\dx12\DX12Texture.cpp(301,58): warning C4100: 'stencil': 鏈紩鐢ㄧ殑鍙傛暟 [F:\repos\PrismaEngine\build\editor-windows-x64-debug\src\engine\Engine.vcxproj]
F:\repos\PrismaEngine\src\engine\graphic\adapters\dx12\DX12Texture.cpp(301,43): warning C4100: 'depth': 鏈紩鐢ㄧ殑鍙傛暟 [F:\repos\PrismaEngine\build\editor-windows-x64-debug\src\engine\Engine.vcxproj]
F:\repos\PrismaEngine\src\engine\graphic\adapters\dx12\DX12Texture.cpp(310,75): warning C4100: 'format': 鏈紩鐢ㄧ殑鍙傛暟 [F:\repos\PrismaEngine\build\editor-windows-x64-debug\src\engine\Engine.vcxproj]
F:\repos\PrismaEngine\src\engine\graphic\adapters\dx12\DX12Texture.cpp(319,55): warning C4100: 'arraySlice': 鏈紩鐢ㄧ殑鍙傛暟 [F:\repos\PrismaEngine\build\editor-windows-x64-debug\src\engine\Engine.vcxproj]
F:\repos\PrismaEngine\src\engine\graphic\adapters\dx12\DX12Texture.cpp(319,36): warning C4100: 'mipLevel': 鏈紩鐢ㄧ殑鍙傛暟 [F:\repos\PrismaEngine\build\editor-windows-x64-debug\src\engine\Engine.vcxproj]
F:\repos\PrismaEngine\src\engine\graphic\adapters\dx12\DX12Texture.cpp(336,64): warning C4100: 'arraySlice': 鏈紩鐢ㄧ殑鍙傛暟 [F:\repos\PrismaEngine\build\editor-windows-x64-debug\src\engine\Engine.vcxproj]
F:\repos\PrismaEngine\src\engine\graphic\adapters\dx12\DX12Texture.cpp(336,45): warning C4100: 'mipLevel': 鏈紩鐢ㄧ殑鍙傛暟 [F:\repos\PrismaEngine\build\editor-windows-x64-debug\src\engine\Engine.vcxproj]
F:\repos\PrismaEngine\src\engine\graphic\adapters\dx12\DX12Texture.cpp(335,54): warning C4100: 'filename': 鏈紩鐢ㄧ殑鍙傛暟 [F:\repos\PrismaEngine\build\editor-windows-x64-debug\src\engine\Engine.vcxproj]
F:\repos\PrismaEngine\src\engine\graphic\adapters\dx12\DX12Texture.cpp(444,25): warning C4244: 鈥?鈥? 浠庘€渃onst uint64_t鈥濊浆鎹㈠埌鈥淯INT鈥濓紝鍙兘涓㈠け鏁版嵁 [F:\repos\PrismaEngine\build\editor-windows-x64-debug\src\engine\Engine.vcxproj]
F:\repos\PrismaEngine\src\engine\graphic\adapters\dx12\DX12Texture.cpp(445,35): warning C4244: 鈥?鈥? 浠庘€渃onst uint32_t鈥濊浆鎹㈠埌鈥淯INT16鈥濓紝鍙兘涓㈠け鏁版嵁 [F:\repos\PrismaEngine\build\editor-windows-x64-debug\src\engine\Engine.vcxproj]
F:\repos\PrismaEngine\src\engine\graphic\adapters\dx12\DX12Texture.cpp(446,28): warning C4244: 鈥?鈥? 浠庘€渃onst uint32_t鈥濊浆鎹㈠埌鈥淯INT16鈥濓紝鍙兘涓㈠け鏁版嵁 [F:\repos\PrismaEngine\build\editor-windows-x64-debug\src\engine\Engine.vcxproj]
F:\repos\PrismaEngine\src\engine\core\AssetBase.h(28,37): warning C4458: 鈥渘ame鈥濈殑澹版槑闅愯棌浜嗙被鎴愬憳 [F:\repos\PrismaEngine\build\editor-windows-x64-debug\src\engine\Engine.vcxproj]
  (缂栬瘧婧愭枃浠垛€?./../../../src/engine/graphic/VoxelRenderer.cpp鈥?
      F:\repos\PrismaEngine\src\engine\core\AssetBase.h(17,17):
      鍙傝鈥淧rismaEngine::AssetBase::name鈥濈殑澹版槑
  
F:\repos\PrismaEngine\src\engine\Component.h(15,31): warning C4100: 'deltaTime': 鏈紩鐢ㄧ殑鍙傛暟 [F:\repos\PrismaEngine\build\editor-windows-x64-debug\src\engine\Engine.vcxproj]
  (缂栬瘧婧愭枃浠垛€?./../../../src/engine/graphic/MeshRenderer.cpp鈥?
  
  AudioAPI.cpp
F:\repos\PrismaEngine\src\engine\graphic\RenderPass.cpp(25,73): warning C4100: 'context': 鏈紩鐢ㄧ殑鍙傛暟 [F:\repos\PrismaEngine\build\editor-windows-x64-debug\src\engine\Engine.vcxproj]
F:\repos\PrismaEngine\src\engine\graphic\RenderPass.cpp(31,100): warning C4100: 'transform': 鏈紩鐢ㄧ殑鍙傛暟 [F:\repos\PrismaEngine\build\editor-windows-x64-debug\src\engine\Engine.vcxproj]
F:\repos\PrismaEngine\src\engine\graphic\RenderPass.cpp(31,70): warning C4100: 'mesh': 鏈紩鐢ㄧ殑鍙傛暟 [F:\repos\PrismaEngine\build\editor-windows-x64-debug\src\engine\Engine.vcxproj]
F:\repos\PrismaEngine\src\engine\core\AssetBase.h(28,37): warning C4458: 鈥渘ame鈥濈殑澹版槑闅愯棌浜嗙被鎴愬憳 [F:\repos\PrismaEngine\build\editor-windows-x64-debug\src\engine\Engine.vcxproj]
  (缂栬瘧婧愭枃浠垛€?./../../../src/engine/graphic/RenderSystemNew.cpp鈥?
      F:\repos\PrismaEngine\src\engine\core\AssetBase.h(17,17):
      鍙傝鈥淧rismaEngine::AssetBase::name鈥濈殑澹版槑
  
F:\repos\PrismaEngine\src\engine\SceneNode.h(50,72): warning C4100: 'context': 鏈紩鐢ㄧ殑鍙傛暟 [F:\repos\PrismaEngine\build\editor-windows-x64-debug\src\engine\Engine.vcxproj]
  (缂栬瘧婧愭枃浠垛€?./../../../src/engine/graphic/RenderSystemNew.cpp鈥?
  
F:\repos\PrismaEngine\src\engine\resource\ArchiveBinary.h(117,50): warning C4100: 'expectedField': 鏈紩鐢ㄧ殑鍙傛暟 [F:\repos\PrismaEngine\build\editor-windows-x64-debug\src\engine\Engine.vcxproj]
  (缂栬瘧婧愭枃浠垛€?./../../../src/engine/graphic/MeshRenderer.cpp鈥?
  
F:\repos\PrismaEngine\src\engine\resource\ArchiveBinary.h(117,50): warning C4100: 'expectedField': 鏈紩鐢ㄧ殑鍙傛暟 [F:\repos\PrismaEngine\build\editor-windows-x64-debug\src\engine\Engine.vcxproj]
  (缂栬瘧婧愭枃浠垛€?./../../../src/engine/graphic/TextureAtlas.cpp鈥?
  
F:\repos\PrismaEngine\src\engine\resource\ArchiveJson.h(39,36): warning C4100: 'size': 鏈紩鐢ㄧ殑鍙傛暟 [F:\repos\PrismaEngine\build\editor-windows-x64-debug\src\engine\Engine.vcxproj]
  (缂栬瘧婧愭枃浠垛€?./../../../src/engine/graphic/MeshRenderer.cpp鈥?
  
F:\repos\PrismaEngine\src\engine\resource\ArchiveJson.h(50,37): warning C4100: 'fieldCount': 鏈紩鐢ㄧ殑鍙傛暟 [F:\repos\PrismaEngine\build\editor-windows-x64-debug\src\engine\Engine.vcxproj]
  (缂栬瘧婧愭枃浠垛€?./../../../src/engine/graphic/MeshRenderer.cpp鈥?
  
F:\repos\PrismaEngine\src\engine\resource\ArchiveJson.h(39,36): warning C4100: 'size': 鏈紩鐢ㄧ殑鍙傛暟 [F:\repos\PrismaEngine\build\editor-windows-x64-debug\src\engine\Engine.vcxproj]
  (缂栬瘧婧愭枃浠垛€?./../../../src/engine/graphic/TextureAtlas.cpp鈥?
  
F:\repos\PrismaEngine\src\engine\resource\ArchiveJson.h(50,37): warning C4100: 'fieldCount': 鏈紩鐢ㄧ殑鍙傛暟 [F:\repos\PrismaEngine\build\editor-windows-x64-debug\src\engine\Engine.vcxproj]
  (缂栬瘧婧愭枃浠垛€?./../../../src/engine/graphic/TextureAtlas.cpp鈥?
  
F:\repos\PrismaEngine\src\engine\ISubSystem.h(11,31): warning C4100: 'deltaTime': 鏈紩鐢ㄧ殑鍙傛暟 [F:\repos\PrismaEngine\build\editor-windows-x64-debug\src\engine\Engine.vcxproj]
  (缂栬瘧婧愭枃浠垛€?./../../../src/engine/graphic/pipelines/SkyboxRenderPass.cpp鈥?
  
F:\repos\PrismaEngine\src\engine\resource\ArchiveJson.h(168,48): warning C4100: 'key': 鏈紩鐢ㄧ殑鍙傛暟 [F:\repos\PrismaEngine\build\editor-windows-x64-debug\src\engine\Engine.vcxproj]
  (缂栬瘧婧愭枃浠垛€?./../../../src/engine/graphic/MeshRenderer.cpp鈥?
  
F:\repos\PrismaEngine\src\engine\resource\ArchiveJson.h(168,48): warning C4100: 'key': 鏈紩鐢ㄧ殑鍙傛暟 [F:\repos\PrismaEngine\build\editor-windows-x64-debug\src\engine\Engine.vcxproj]
  (缂栬瘧婧愭枃浠垛€?./../../../src/engine/graphic/TextureAtlas.cpp鈥?
  
F:\repos\PrismaEngine\src\engine\resource\Asset.h(28,58): warning C4100: 'format': 鏈紩鐢ㄧ殑鍙傛暟 [F:\repos\PrismaEngine\build\editor-windows-x64-debug\src\engine\Engine.vcxproj]
  (缂栬瘧婧愭枃浠垛€?./../../../src/engine/graphic/MeshRenderer.cpp鈥?
  
F:\repos\PrismaEngine\src\engine\resource\Asset.h(27,67): warning C4100: 'filePath': 鏈紩鐢ㄧ殑鍙傛暟 [F:\repos\PrismaEngine\build\editor-windows-x64-debug\src\engine\Engine.vcxproj]
  (缂栬瘧婧愭枃浠垛€?./../../../src/engine/graphic/MeshRenderer.cpp鈥?
  
F:\repos\PrismaEngine\src\engine\resource\Asset.h(41,41): warning C4458: 鈥渘ame鈥濈殑澹版槑闅愯棌浜嗙被鎴愬憳 [F:\repos\PrismaEngine\build\editor-windows-x64-debug\src\engine\Engine.vcxproj]
  (缂栬瘧婧愭枃浠垛€?./../../../src/engine/graphic/MeshRenderer.cpp鈥?
      F:\repos\PrismaEngine\src\engine\core\AssetBase.h(17,17):
      鍙傝鈥淧rismaEngine::AssetBase::name鈥濈殑澹版槑
  
F:\repos\PrismaEngine\src\engine\resource\Asset.h(28,58): warning C4100: 'format': 鏈紩鐢ㄧ殑鍙傛暟 [F:\repos\PrismaEngine\build\editor-windows-x64-debug\src\engine\Engine.vcxproj]
  (缂栬瘧婧愭枃浠垛€?./../../../src/engine/graphic/TextureAtlas.cpp鈥?
  
F:\repos\PrismaEngine\src\engine\resource\Asset.h(27,67): warning C4100: 'filePath': 鏈紩鐢ㄧ殑鍙傛暟 [F:\repos\PrismaEngine\build\editor-windows-x64-debug\src\engine\Engine.vcxproj]
  (缂栬瘧婧愭枃浠垛€?./../../../src/engine/graphic/TextureAtlas.cpp鈥?
  
F:\repos\PrismaEngine\src\engine\resource\Asset.h(41,41): warning C4458: 鈥渘ame鈥濈殑澹版槑闅愯棌浜嗙被鎴愬憳 [F:\repos\PrismaEngine\build\editor-windows-x64-debug\src\engine\Engine.vcxproj]
  (缂栬瘧婧愭枃浠垛€?./../../../src/engine/graphic/TextureAtlas.cpp鈥?
      F:\repos\PrismaEngine\src\engine\core\AssetBase.h(17,17):
      鍙傝鈥淧rismaEngine::AssetBase::name鈥濈殑澹版槑
  
F:\repos\PrismaEngine\src\engine\graphic\MeshRenderer.cpp(90,33): warning C4100: 'deltaTime': 鏈紩鐢ㄧ殑鍙傛暟 [F:\repos\PrismaEngine\build\editor-windows-x64-debug\src\engine\Engine.vcxproj]
F:\repos\PrismaEngine\src\engine\StringUtils.h(39,25): warning C4244: 鈥?鈥? 浠庘€渋nt鈥濊浆鎹㈠埌鈥渃har鈥濓紝鍙兘涓㈠け鏁版嵁 [F:\repos\PrismaEngine\build\editor-windows-x64-debug\src\engine\Engine.vcxproj]
  (缂栬瘧婧愭枃浠垛€?./../../../src/engine/graphic/Shader.cpp鈥?
  
F:\repos\PrismaEngine\src\engine\StringUtils.h(45,25): warning C4244: 鈥?鈥? 浠庘€渋nt鈥濊浆鎹㈠埌鈥渃har鈥濓紝鍙兘涓㈠け鏁版嵁 [F:\repos\PrismaEngine\build\editor-windows-x64-debug\src\engine\Engine.vcxproj]
  (缂栬瘧婧愭枃浠垛€?./../../../src/engine/graphic/Shader.cpp鈥?
  
F:\repos\PrismaEngine\src\engine\graphic\adapters\dx12\DX12Buffer.cpp(95,72): warning C4100: 'mapType': 鏈紩鐢ㄧ殑鍙傛暟 [F:\repos\PrismaEngine\build\editor-windows-x64-debug\src\engine\Engine.vcxproj]
F:\repos\PrismaEngine\src\engine\graphic\adapters\dx12\DX12Buffer.cpp(207,62): warning C4100: 'srcArraySlice': 鏈紩鐢ㄧ殑鍙傛暟 [F:\repos\PrismaEngine\build\editor-windows-x64-debug\src\engine\Engine.vcxproj]
F:\repos\PrismaEngine\src\engine\graphic\adapters\dx12\DX12Buffer.cpp(207,40): warning C4100: 'srcMipLevel': 鏈紩鐢ㄧ殑鍙傛暟 [F:\repos\PrismaEngine\build\editor-windows-x64-debug\src\engine\Engine.vcxproj]
F:\repos\PrismaEngine\src\engine\graphic\adapters\dx12\DX12Buffer.cpp(206,44): warning C4100: 'srcTexture': 鏈紩鐢ㄧ殑鍙傛暟 [F:\repos\PrismaEngine\build\editor-windows-x64-debug\src\engine\Engine.vcxproj]
F:\repos\PrismaEngine\src\engine\graphic\adapters\dx12\DX12Buffer.cpp(214,62): warning C4100: 'dstArraySlice': 鏈紩鐢ㄧ殑鍙傛暟 [F:\repos\PrismaEngine\build\editor-windows-x64-debug\src\engine\Engine.vcxproj]
F:\repos\PrismaEngine\src\engine\graphic\adapters\dx12\DX12Buffer.cpp(214,40): warning C4100: 'dstMipLevel': 鏈紩鐢ㄧ殑鍙傛暟 [F:\repos\PrismaEngine\build\editor-windows-x64-debug\src\engine\Engine.vcxproj]
F:\repos\PrismaEngine\src\engine\graphic\adapters\dx12\DX12Buffer.cpp(225,86): warning C4100: 'desc': 鏈紩鐢ㄧ殑鍙傛暟 [F:\repos\PrismaEngine\build\editor-windows-x64-debug\src\engine\Engine.vcxproj]
F:\repos\PrismaEngine\src\engine\graphic\adapters\dx12\DX12Buffer.cpp(225,54): warning C4100: 'descType': 鏈紩鐢ㄧ殑鍙傛暟 [F:\repos\PrismaEngine\build\editor-windows-x64-debug\src\engine\Engine.vcxproj]
F:\repos\PrismaEngine\src\engine\graphic\adapters\dx12\DX12Buffer.cpp(277,53): warning C4100: 'format': 鏈紩鐢ㄧ殑鍙傛暟 [F:\repos\PrismaEngine\build\editor-windows-x64-debug\src\engine\Engine.vcxproj]
F:\repos\PrismaEngine\src\engine\graphic\adapters\dx12\DX12Buffer.cpp(328,52): warning C4100: 'size': 鏈紩鐢ㄧ殑鍙傛暟 [F:\repos\PrismaEngine\build\editor-windows-x64-debug\src\engine\Engine.vcxproj]
F:\repos\PrismaEngine\src\engine\graphic\adapters\dx12\DX12Buffer.cpp(328,35): warning C4100: 'offset': 鏈紩鐢ㄧ殑鍙傛暟 [F:\repos\PrismaEngine\build\editor-windows-x64-debug\src\engine\Engine.vcxproj]
F:\repos\PrismaEngine\src\engine\graphic\adapters\dx12\DX12Buffer.cpp(334,35): warning C4100: 'size': 鏈紩鐢ㄧ殑鍙傛暟 [F:\repos\PrismaEngine\build\editor-windows-x64-debug\src\engine\Engine.vcxproj]
F:\repos\PrismaEngine\src\engine\graphic\VoxelRenderer.cpp(21,34): warning C4100: 'deltaTime': 鏈紩鐢ㄧ殑鍙傛暟 [F:\repos\PrismaEngine\build\editor-windows-x64-debug\src\engine\Engine.vcxproj]
F:\repos\PrismaEngine\src\engine\graphic\adapters\dx12\DX12SwapChain.cpp(222,51): warning C4100: 'filename': 鏈紩鐢ㄧ殑鍙傛暟 [F:\repos\PrismaEngine\build\editor-windows-x64-debug\src\engine\Engine.vcxproj]
F:\repos\PrismaEngine\src\engine\graphic\adapters\dx12\DX12PipelineState.cpp(169,47): warning C4100: 'device': 鏈紩鐢ㄧ殑鍙傛暟 [F:\repos\PrismaEngine\build\editor-windows-x64-debug\src\engine\Engine.vcxproj]
F:\repos\PrismaEngine\src\engine\graphic\adapters\dx12\DX12PipelineState.cpp(222,49): warning C4100: 'device': 鏈紩鐢ㄧ殑鍙傛暟 [F:\repos\PrismaEngine\build\editor-windows-x64-debug\src\engine\Engine.vcxproj]
F:\repos\PrismaEngine\src\engine\graphic\adapters\dx12\DX12PipelineState.cpp(237,54): warning C4100: 'device': 鏈紩鐢ㄧ殑鍙傛暟 [F:\repos\PrismaEngine\build\editor-windows-x64-debug\src\engine\Engine.vcxproj]
F:\repos\PrismaEngine\src\engine\graphic\adapters\dx12\DX12PipelineState.cpp(353,74): warning C4244: 鈥?鈥? 浠庘€渃onst uint32_t鈥濊浆鎹㈠埌鈥淯INT8鈥濓紝鍙兘涓㈠け鏁版嵁 [F:\repos\PrismaEngine\build\editor-windows-x64-debug\src\engine\Engine.vcxproj]
F:\repos\PrismaEngine\src\engine\graphic\adapters\dx12\DX12Shader.cpp(164,66): warning C4100: 'options': 鏈紩鐢ㄧ殑鍙傛暟 [F:\repos\PrismaEngine\build\editor-windows-x64-debug\src\engine\Engine.vcxproj]
F:\repos\PrismaEngine\src\engine\graphic\adapters\dx12\DX12Shader.cpp(163,57): warning C4100: 'source': 鏈紩鐢ㄧ殑鍙傛暟 [F:\repos\PrismaEngine\build\editor-windows-x64-debug\src\engine\Engine.vcxproj]
F:\repos\PrismaEngine\src\engine\graphic\adapters\dx12\DX12Sampler.cpp(1,1): error C1083: 鏃犳硶鎵撳紑缂栬瘧鍣ㄧ敓鎴愮殑鏂囦欢: 鈥淔:\repos\PrismaEngine\build\editor-windows-x64-debug\src\engine\Engine.dir\Debug\DX12Sampler.obj鈥? Permission denied [F:\repos\PrismaEngine\build\editor-windows-x64-debug\src\engine\Engine.vcxproj]
F:\repos\PrismaEngine\src\engine\graphic\Shader.cpp(110,98): warning C4458: 鈥渘ame鈥濈殑澹版槑闅愯棌浜嗙被鎴愬憳 [F:\repos\PrismaEngine\build\editor-windows-x64-debug\src\engine\Engine.vcxproj]
      F:\repos\PrismaEngine\src\engine\core\AssetBase.h(17,17):
      鍙傝鈥淧rismaEngine::AssetBase::name鈥濈殑澹版槑
  
F:\repos\PrismaEngine\src\engine\graphic\Shader.cpp(118,110): warning C4458: 鈥渘ame鈥濈殑澹版槑闅愯棌浜嗙被鎴愬憳 [F:\repos\PrismaEngine\build\editor-windows-x64-debug\src\engine\Engine.vcxproj]
      F:\repos\PrismaEngine\src\engine\core\AssetBase.h(17,17):
      鍙傝鈥淧rismaEngine::AssetBase::name鈥濈殑澹版槑
  
F:\repos\PrismaEngine\src\engine\graphic\Shader.cpp(253,66): warning C4100: 'psSource': 鏈紩鐢ㄧ殑鍙傛暟 [F:\repos\PrismaEngine\build\editor-windows-x64-debug\src\engine\Engine.vcxproj]
F:\repos\PrismaEngine\src\engine\graphic\Shader.cpp(253,44): warning C4100: 'vsSource': 鏈紩鐢ㄧ殑鍙傛暟 [F:\repos\PrismaEngine\build\editor-windows-x64-debug\src\engine\Engine.vcxproj]
F:\repos\PrismaEngine\src\engine\graphic\Shader.cpp(264,42): warning C4100: 'model': 鏈紩鐢ㄧ殑鍙傛暟 [F:\repos\PrismaEngine\build\editor-windows-x64-debug\src\engine\Engine.vcxproj]
F:\repos\PrismaEngine\src\engine\graphic\Shader.cpp(268,47): warning C4100: 'entryPoint': 鏈紩鐢ㄧ殑鍙傛暟 [F:\repos\PrismaEngine\build\editor-windows-x64-debug\src\engine\Engine.vcxproj]
F:\repos\PrismaEngine\src\engine\graphic\Shader.cpp(320,58): warning C4100: 'path': 鏈紩鐢ㄧ殑鍙傛暟 [F:\repos\PrismaEngine\build\editor-windows-x64-debug\src\engine\Engine.vcxproj]
F:\repos\PrismaEngine\src\engine\audio\IAudioDevice.h(60,47): warning C4100: 'deviceName': 鏈紩鐢ㄧ殑鍙傛暟 [F:\repos\PrismaEngine\build\editor-windows-x64-debug\src\engine\Engine.vcxproj]
  (缂栬瘧婧愭枃浠垛€?./../../../src/engine/audio/AudioAPI.cpp鈥?
  
F:\repos\PrismaEngine\src\engine\audio\IAudioDevice.h(199,87): warning C4100: 'params': 鏈紩鐢ㄧ殑鍙傛暟 [F:\repos\PrismaEngine\build\editor-windows-x64-debug\src\engine\Engine.vcxproj]
  (缂栬瘧婧愭枃浠垛€?./../../../src/engine/audio/AudioAPI.cpp鈥?
  
F:\repos\PrismaEngine\src\engine\audio\IAudioDevice.h(199,63): warning C4100: 'effectType': 鏈紩鐢ㄧ殑鍙傛暟 [F:\repos\PrismaEngine\build\editor-windows-x64-debug\src\engine\Engine.vcxproj]
  (缂栬瘧婧愭枃浠垛€?./../../../src/engine/audio/AudioAPI.cpp鈥?
  
F:\repos\PrismaEngine\src\engine\audio\IAudioDevice.h(199,43): warning C4100: 'voiceId': 鏈紩鐢ㄧ殑鍙傛暟 [F:\repos\PrismaEngine\build\editor-windows-x64-debug\src\engine\Engine.vcxproj]
  (缂栬瘧婧愭枃浠垛€?./../../../src/engine/audio/AudioAPI.cpp鈥?
  
F:\repos\PrismaEngine\src\engine\audio\IAudioDevice.h(203,45): warning C4100: 'voiceId': 鏈紩鐢ㄧ殑鍙傛暟 [F:\repos\PrismaEngine\build\editor-windows-x64-debug\src\engine\Engine.vcxproj]
  (缂栬瘧婧愭枃浠垛€?./../../../src/engine/audio/AudioAPI.cpp鈥?
  
F:\repos\PrismaEngine\src\engine\graphic\adapters\dx12\DX12ResourceFactory.cpp(65,53): warning C4100: 'device': 鏈紩鐢ㄧ殑鍙傛暟 [F:\repos\PrismaEngine\build\editor-windows-x64-debug\src\engine\Engine.vcxproj]
F:\repos\PrismaEngine\src\engine\graphic\adapters\dx12\DX12ResourceFactory.cpp(165,22): warning C4189: 鈥渋ndex鈥? 灞€閮ㄥ彉閲忓凡鍒濆鍖栦絾涓嶅紩鐢?[F:\repos\PrismaEngine\build\editor-windows-x64-debug\src\engine\Engine.vcxproj]
F:\repos\PrismaEngine\src\engine\graphic\adapters\dx12\DX12ResourceFactory.cpp(175,22): warning C4189: 鈥渋ndex鈥? 灞€閮ㄥ彉閲忓凡鍒濆鍖栦絾涓嶅紩鐢?[F:\repos\PrismaEngine\build\editor-windows-x64-debug\src\engine\Engine.vcxproj]
F:\repos\PrismaEngine\src\engine\graphic\adapters\dx12\DX12ResourceFactory.cpp(185,22): warning C4189: 鈥渋ndex鈥? 灞€閮ㄥ彉閲忓凡鍒濆鍖栦絾涓嶅紩鐢?[F:\repos\PrismaEngine\build\editor-windows-x64-debug\src\engine\Engine.vcxproj]
F:\repos\PrismaEngine\src\engine\graphic\adapters\dx12\DX12ResourceFactory.cpp(195,22): warning C4189: 鈥渋ndex鈥? 灞€閮ㄥ彉閲忓凡鍒濆鍖栦絾涓嶅紩鐢?[F:\repos\PrismaEngine\build\editor-windows-x64-debug\src\engine\Engine.vcxproj]
F:\repos\PrismaEngine\src\engine\graphic\adapters\dx12\DX12ResourceFactory.cpp(310,22): warning C4189: 鈥渋ndex鈥? 灞€閮ㄥ彉閲忓凡鍒濆鍖栦絾涓嶅紩鐢?[F:\repos\PrismaEngine\build\editor-windows-x64-debug\src\engine\Engine.vcxproj]
F:\repos\PrismaEngine\src\engine\graphic\adapters\dx12\DX12ResourceFactory.cpp(320,22): warning C4189: 鈥渋ndex鈥? 灞€閮ㄥ彉閲忓凡鍒濆鍖栦絾涓嶅紩鐢?[F:\repos\PrismaEngine\build\editor-windows-x64-debug\src\engine\Engine.vcxproj]
F:\repos\PrismaEngine\src\engine\graphic\adapters\dx12\DX12ResourceFactory.cpp(330,22): warning C4189: 鈥渋ndex鈥? 灞€閮ㄥ彉閲忓凡鍒濆鍖栦絾涓嶅紩鐢?[F:\repos\PrismaEngine\build\editor-windows-x64-debug\src\engine\Engine.vcxproj]
F:\repos\PrismaEngine\src\engine\graphic\adapters\dx12\DX12ResourceFactory.cpp(428,83): warning C4100: 'format': 鏈紩鐢ㄧ殑鍙傛暟 [F:\repos\PrismaEngine\build\editor-windows-x64-debug\src\engine\Engine.vcxproj]
F:\repos\PrismaEngine\src\engine\graphic\adapters\dx12\DX12ResourceFactory.cpp(425,76): warning C4100: 'windowHandle': 鏈紩鐢ㄧ殑鍙傛暟 [F:\repos\PrismaEngine\build\editor-windows-x64-debug\src\engine\Engine.vcxproj]
F:\repos\PrismaEngine\src\engine\graphic\adapters\dx12\DX12ResourceFactory.cpp(672,87): warning C4100: 'errorMsg': 鏈紩鐢ㄧ殑鍙傛暟 [F:\repos\PrismaEngine\build\editor-windows-x64-debug\src\engine\Engine.vcxproj]
F:\repos\PrismaEngine\src\engine\graphic\adapters\dx12\DX12ResourceFactory.cpp(672,68): warning C4100: 'desc': 鏈紩鐢ㄧ殑鍙傛暟 [F:\repos\PrismaEngine\build\editor-windows-x64-debug\src\engine\Engine.vcxproj]
F:\repos\PrismaEngine\src\engine\graphic\adapters\dx12\DX12ResourceFactory.cpp(748,58): warning C4100: 'reflection': 鏈紩鐢ㄧ殑鍙傛暟 [F:\repos\PrismaEngine\build\editor-windows-x64-debug\src\engine\Engine.vcxproj]
F:\repos\PrismaEngine\src\engine\graphic\adapters\dx12\DX12ResourceFactory.cpp(747,62): warning C4100: 'bytecode': 鏈紩鐢ㄧ殑鍙傛暟 [F:\repos\PrismaEngine\build\editor-windows-x64-debug\src\engine\Engine.vcxproj]
F:\repos\PrismaEngine\src\engine\graphic\adapters\dx12\DX12ResourceFactory.cpp(746,59): warning C4100: 'desc': 鏈紩鐢ㄧ殑鍙傛暟 [F:\repos\PrismaEngine\build\editor-windows-x64-debug\src\engine\Engine.vcxproj]
F:\repos\PrismaEngine\src\engine\graphic\adapters\dx12\DX12ResourceFactory.cpp(787,77): warning C4100: 'gpuHandle': 鏈紩鐢ㄧ殑鍙傛暟 [F:\repos\PrismaEngine\build\editor-windows-x64-debug\src\engine\Engine.vcxproj]
F:\repos\PrismaEngine\src\engine\graphic\adapters\dx12\DX12ResourceFactory.cpp(786,77): warning C4100: 'cpuHandle': 鏈紩鐢ㄧ殑鍙傛暟 [F:\repos\PrismaEngine\build\editor-windows-x64-debug\src\engine\Engine.vcxproj]
F:\repos\PrismaEngine\src\engine\graphic\adapters\dx12\DX12ResourceFactory.cpp(785,72): warning C4100: 'heap': 鏈紩鐢ㄧ殑鍙傛暟 [F:\repos\PrismaEngine\build\editor-windows-x64-debug\src\engine\Engine.vcxproj]
F:\repos\PrismaEngine\src\engine\graphic\adapters\dx12\DX12ResourceFactory.cpp(810,28): warning C4244: 鈥?鈥? 浠庘€渃onst uint64_t鈥濊浆鎹㈠埌鈥淯INT鈥濓紝鍙兘涓㈠け鏁版嵁 [F:\repos\PrismaEngine\build\editor-windows-x64-debug\src\engine\Engine.vcxproj]
F:\repos\PrismaEngine\src\engine\graphic\adapters\dx12\DX12ResourceFactory.cpp(811,38): warning C4244: 鈥?鈥? 浠庘€渃onst uint32_t鈥濊浆鎹㈠埌鈥淯INT16鈥濓紝鍙兘涓㈠け鏁版嵁 [F:\repos\PrismaEngine\build\editor-windows-x64-debug\src\engine\Engine.vcxproj]
F:\repos\PrismaEngine\src\engine\graphic\adapters\dx12\DX12ResourceFactory.cpp(812,31): warning C4244: 鈥?鈥? 浠庘€渃onst uint32_t鈥濊浆鎹㈠埌鈥淯INT16鈥濓紝鍙兘涓㈠け鏁版嵁 [F:\repos\PrismaEngine\build\editor-windows-x64-debug\src\engine\Engine.vcxproj]
F:\repos\PrismaEngine\src\engine\graphic\adapters\dx12\DX12ResourceFactory.cpp(874,64): warning C4100: 'usage': 鏈紩鐢ㄧ殑鍙傛暟 [F:\repos\PrismaEngine\build\editor-windows-x64-debug\src\engine\Engine.vcxproj]
F:\repos\PrismaEngine\src\engine\graphic\adapters\dx12\DX12ResourceFactory.cpp(878,79): warning C4100: 'type': 鏈紩鐢ㄧ殑鍙傛暟 [F:\repos\PrismaEngine\build\editor-windows-x64-debug\src\engine\Engine.vcxproj]
F:\repos\PrismaEngine\src\engine\graphic\adapters\dx12\DX12ResourceFactory.cpp(933,57): warning C4100: 'desc': 鏈紩鐢ㄧ殑鍙傛暟 [F:\repos\PrismaEngine\build\editor-windows-x64-debug\src\engine\Engine.vcxproj]
F:\repos\PrismaEngine\src\engine\graphic\adapters\dx12\DX12ResourceFactory.cpp(932,66): warning C4100: 'imageData': 鏈紩鐢ㄧ殑鍙傛暟 [F:\repos\PrismaEngine\build\editor-windows-x64-debug\src\engine\Engine.vcxproj]
F:\repos\PrismaEngine\src\engine\audio\AudioAPI.cpp(322,78): warning C4100: 'desc': 鏈紩鐢ㄧ殑鍙傛暟 [F:\repos\PrismaEngine\build\editor-windows-x64-debug\src\engine\Engine.vcxproj]
  e_atan2.c
F:\repos\PrismaEngine\build\editor-windows-x64-debug\_deps\sdl3-src\src\libm\e_atan2.c(1,1): error C1041: 鏃犳硶鎵撳紑绋嬪簭鏁版嵁搴撯€淔:\repos\PrismaEngine\build\editor-windows-x64-debug\lib\Debug\SDL_uclibc.pdb鈥濓紱濡傛灉瑕佸皢澶氫釜 CL.EXE 鍐欏叆鍚屼竴涓?.PDB 鏂囦欢锛岃浣跨敤 /FS [F:\repos\PrismaEngine\build\editor-windows-x64-debug\_deps\sdl3-build\SDL_uclibc.vcxproj]
  e_exp.c
  e_fmod.c
  e_log.c
  e_log10.c
  e_pow.c
  e_rem_pio2.c
  e_sqrt.c
  k_cos.c
  k_rem_pio2.c
  k_sin.c
  k_tan.c
  s_atan.c
  s_copysign.c
  s_cos.c
  s_fabs.c
  s_floor.c
  s_isinf.c
  s_isinff.c
  s_isnan.c
  姝ｅ湪鐢熸垚浠ｇ爜...
  姝ｅ湪缂栬瘧...
  s_isnanf.c
  s_modf.c
  s_scalbn.c
  s_sin.c
  s_tan.c
  姝ｅ湪鐢熸垚浠ｇ爜...
  1>Copying resources to Editor directory
  Copying resources to Editor directory...
  Building Custom Rule F:/repos/PrismaEngine/CMakeLists.txt
